<html>
<body>
<pre>
<h1>礦ision Build Log</h1>
<h2>Tool Versions:</h2>
IDE-Version: μVision V5.27.1.0
Copyright (C) 2019 ARM Ltd and ARM Germany GmbH. All rights reserved.
License Information: 1 Administrator, 1, LIC=NHY12-9HA5U-WHZ88-3MRXW-EKBDN-C6BAE
 
Tool Versions:
Toolchain:       MDK-ARM Professional  Version: 5.27.1.0
Toolchain Path:  D:\Keil\ARM\ARMCC\Bin
C Compiler:      Armcc.exe V5.06 update 6 (build 750)
Assembler:       Armasm.exe V5.06 update 6 (build 750)
Linker/Locator:  ArmLink.exe V5.06 update 6 (build 750)
Library Manager: ArmAr.exe V5.06 update 6 (build 750)
Hex Converter:   FromElf.exe V5.06 update 6 (build 750)
CPU DLL:         SARMCM3.DLL V5.27.1.0
Dialog DLL:      DCM.DLL V1.17.2.0
Target DLL:      Segger\JL2CM3.dll V2.99.35.0
Dialog DLL:      TCM.DLL V1.36.1.0
 
<h2>Project:</h2>
F:\智能家居马晨\Project\RVMDK（uv5）\BH-STM32.uvprojx
Project File Date:  05/05/2019

<h2>Output:</h2>
*** Using Compiler 'V5.06 update 6 (build 750)', folder: 'D:\Keil\ARM\ARMCC\Bin'
Rebuild target 'dht11'
assembling startup_stm32f10x_md.s...
compiling core_cm3.c...
compiling system_stm32f10x.c...
compiling misc.c...
compiling stm32f10x_adc.c...
compiling stm32f10x_bkp.c...
compiling stm32f10x_can.c...
compiling stm32f10x_cec.c...
compiling stm32f10x_crc.c...
compiling stm32f10x_dbgmcu.c...
compiling stm32f10x_dac.c...
compiling stm32f10x_dma.c...
compiling stm32f10x_exti.c...
compiling stm32f10x_flash.c...
compiling stm32f10x_fsmc.c...
compiling stm32f10x_gpio.c...
compiling stm32f10x_iwdg.c...
compiling stm32f10x_i2c.c...
compiling stm32f10x_pwr.c...
compiling stm32f10x_rcc.c...
compiling stm32f10x_rtc.c...
compiling stm32f10x_sdio.c...
compiling stm32f10x_spi.c...
compiling stm32f10x_tim.c...
compiling stm32f10x_usart.c...
compiling stm32f10x_wwdg.c...
compiling main.c...
..\..\User\./millis/millis.h(7): warning:  #1295-D: Deprecated declaration RTC_IRQHandler - give arg types
  void RTC_IRQHandler();
..\..\User\./millis/millis.h(8): warning:  #1295-D: Deprecated declaration millis - give arg types
  unsigned long millis();
..\..\User\./millis/millis.h(10): warning:  #1-D: last line of file ends without a newline
  #endif
..\..\User\main.c(50): warning:  #223-D: function "strncmp" declared implicitly
      if(strncmp(m, "WELCOME", 7) == 0)
..\..\User\main.c(186): warning:  #167-D: argument of type "volatile u8 *" is incompatible with parameter of type "char *"
              processMessage(aRxBuffer);
..\..\User\main.c(136): warning:  #550-D: variable "i"  was set but never used
      u8 i = 0;
..\..\User\main.c: 6 warnings, 0 errors
compiling stm32f10x_it.c...
compiling bsp_dht11.c...
compiling bsp_SysTick.c...
compiling OLED.c...
compiling floatTOs.c...
compiling math_display.c...
..\..\User\math_display.c(59): warning:  #167-D: argument of type "char *" is incompatible with parameter of type "unsigned char *"
  		OLED_8x16Str(50,2,t);	
..\..\User\math_display.c(63): warning:  #167-D: argument of type "char *" is incompatible with parameter of type "unsigned char *"
  		OLED_8x16Str(50,4,h);
..\..\User\math_display.c: 2 warnings, 0 errors
compiling smoke.c...
compiling Infrare.c...
compiling all_init.c...
..\..\User\./millis/millis.h(7): warning:  #1295-D: Deprecated declaration RTC_IRQHandler - give arg types
  void RTC_IRQHandler();
..\..\User\./millis/millis.h(8): warning:  #1295-D: Deprecated declaration millis - give arg types
  unsigned long millis();
..\..\User\./millis/millis.h(10): warning:  #1-D: last line of file ends without a newline
  #endif
..\..\User\all_init.c: 3 warnings, 0 errors
compiling cJSON.c...
..\..\User\cJSON\cJSON.c(122): warning:  #1293-D: assignment in condition
      if (!(copy = (unsigned char*)hooks->allocate(length)))
..\..\User\cJSON\cJSON.c: 1 warning, 0 errors
compiling LED.c...
compiling usart3.c...
compiling millis.c...
..\..\User\./millis/millis.h(7): warning:  #1295-D: Deprecated declaration RTC_IRQHandler - give arg types
  void RTC_IRQHandler();
..\..\User\./millis/millis.h(8): warning:  #1295-D: Deprecated declaration millis - give arg types
  unsigned long millis();
..\..\User\./millis/millis.h(10): warning:  #1-D: last line of file ends without a newline
  #endif
..\..\User\millis\millis.c: 3 warnings, 0 errors
compiling bsp_beep.c...
compiling yun.c...
compiling stepmotor.c...
linking...
Program Size: Code=17608 RO-data=5440 RW-data=108 ZI-data=2564  
FromELF: creating hex file...
"..\..\Output\智能家居.axf" - 0 Error(s), 15 Warning(s).

<h2>Software Packages used:</h2>

Package Vendor: Keil
                http://www.keil.com/pack/Keil.STM32F1xx_DFP.2.3.0.pack
                Keil.STM32F1xx_DFP.2.3.0
                STMicroelectronics STM32F1 Series Device Support, Drivers and Examples

<h2>Collection of Component include folders:</h2>
  .\RTE\_dht11
  D:\Keil\Packs\Keil\STM32F1xx_DFP\2.3.0\Device\Include

<h2>Collection of Component Files used:</h2>
Build Time Elapsed:  00:00:14
</pre>
</body>
</html>
