Component: ARM Compiler 5.06 update 6 (build 750) Tool: armlink [4d35ed]

==============================================================================

Section Cross References

    startup_stm32f10x_md.o(RESET) refers to startup_stm32f10x_md.o(STACK) for __initial_sp
    startup_stm32f10x_md.o(RESET) refers to startup_stm32f10x_md.o(.text) for Reset_Handler
    startup_stm32f10x_md.o(RESET) refers to stm32f10x_it.o(i.NMI_Handler) for NMI_Handler
    startup_stm32f10x_md.o(RESET) refers to stm32f10x_it.o(i.HardFault_Handler) for HardFault_Handler
    startup_stm32f10x_md.o(RESET) refers to stm32f10x_it.o(i.MemManage_Handler) for MemManage_Handler
    startup_stm32f10x_md.o(RESET) refers to stm32f10x_it.o(i.BusFault_Handler) for BusFault_Handler
    startup_stm32f10x_md.o(RESET) refers to stm32f10x_it.o(i.UsageFault_Handler) for UsageFault_Handler
    startup_stm32f10x_md.o(RESET) refers to stm32f10x_it.o(i.SVC_Handler) for SVC_Handler
    startup_stm32f10x_md.o(RESET) refers to stm32f10x_it.o(i.DebugMon_Handler) for DebugMon_Handler
    startup_stm32f10x_md.o(RESET) refers to stm32f10x_it.o(i.PendSV_Handler) for PendSV_Handler
    startup_stm32f10x_md.o(RESET) refers to stm32f10x_it.o(i.SysTick_Handler) for SysTick_Handler
    startup_stm32f10x_md.o(RESET) refers to millis.o(i.RTC_IRQHandler) for RTC_IRQHandler
    startup_stm32f10x_md.o(RESET) refers to stm32f10x_it.o(i.EXTI4_IRQHandler) for EXTI4_IRQHandler
    startup_stm32f10x_md.o(RESET) refers to usart3.o(i.USART3_IRQHandler) for USART3_IRQHandler
    startup_stm32f10x_md.o(RESET) refers to millis.o(i.RTCAlarm_IRQHandler) for RTCAlarm_IRQHandler
    startup_stm32f10x_md.o(.text) refers to system_stm32f10x.o(i.SystemInit) for SystemInit
    startup_stm32f10x_md.o(.text) refers to entry.o(.ARM.Collect$$$$00000000) for __main
    system_stm32f10x.o(i.SetSysClock) refers to system_stm32f10x.o(i.SetSysClockTo72) for SetSysClockTo72
    system_stm32f10x.o(i.SystemCoreClockUpdate) refers to system_stm32f10x.o(.data) for SystemCoreClock
    system_stm32f10x.o(i.SystemInit) refers to system_stm32f10x.o(i.SetSysClock) for SetSysClock
    stm32f10x_adc.o(i.ADC_DeInit) refers to stm32f10x_rcc.o(i.RCC_APB2PeriphResetCmd) for RCC_APB2PeriphResetCmd
    stm32f10x_bkp.o(i.BKP_DeInit) refers to stm32f10x_rcc.o(i.RCC_BackupResetCmd) for RCC_BackupResetCmd
    stm32f10x_can.o(i.CAN_DeInit) refers to stm32f10x_rcc.o(i.RCC_APB1PeriphResetCmd) for RCC_APB1PeriphResetCmd
    stm32f10x_can.o(i.CAN_GetITStatus) refers to stm32f10x_can.o(i.CheckITStatus) for CheckITStatus
    stm32f10x_cec.o(i.CEC_DeInit) refers to stm32f10x_rcc.o(i.RCC_APB1PeriphResetCmd) for RCC_APB1PeriphResetCmd
    stm32f10x_dac.o(i.DAC_DeInit) refers to stm32f10x_rcc.o(i.RCC_APB1PeriphResetCmd) for RCC_APB1PeriphResetCmd
    stm32f10x_flash.o(i.FLASH_EnableWriteProtection) refers to stm32f10x_flash.o(i.FLASH_WaitForLastOperation) for FLASH_WaitForLastOperation
    stm32f10x_flash.o(i.FLASH_EraseAllBank1Pages) refers to stm32f10x_flash.o(i.FLASH_WaitForLastBank1Operation) for FLASH_WaitForLastBank1Operation
    stm32f10x_flash.o(i.FLASH_EraseAllPages) refers to stm32f10x_flash.o(i.FLASH_WaitForLastOperation) for FLASH_WaitForLastOperation
    stm32f10x_flash.o(i.FLASH_EraseOptionBytes) refers to stm32f10x_flash.o(i.FLASH_GetReadOutProtectionStatus) for FLASH_GetReadOutProtectionStatus
    stm32f10x_flash.o(i.FLASH_EraseOptionBytes) refers to stm32f10x_flash.o(i.FLASH_WaitForLastOperation) for FLASH_WaitForLastOperation
    stm32f10x_flash.o(i.FLASH_ErasePage) refers to stm32f10x_flash.o(i.FLASH_WaitForLastOperation) for FLASH_WaitForLastOperation
    stm32f10x_flash.o(i.FLASH_ProgramHalfWord) refers to stm32f10x_flash.o(i.FLASH_WaitForLastOperation) for FLASH_WaitForLastOperation
    stm32f10x_flash.o(i.FLASH_ProgramOptionByteData) refers to stm32f10x_flash.o(i.FLASH_WaitForLastOperation) for FLASH_WaitForLastOperation
    stm32f10x_flash.o(i.FLASH_ProgramWord) refers to stm32f10x_flash.o(i.FLASH_WaitForLastOperation) for FLASH_WaitForLastOperation
    stm32f10x_flash.o(i.FLASH_ReadOutProtection) refers to stm32f10x_flash.o(i.FLASH_WaitForLastOperation) for FLASH_WaitForLastOperation
    stm32f10x_flash.o(i.FLASH_UserOptionByteConfig) refers to stm32f10x_flash.o(i.FLASH_WaitForLastOperation) for FLASH_WaitForLastOperation
    stm32f10x_flash.o(i.FLASH_WaitForLastBank1Operation) refers to stm32f10x_flash.o(i.FLASH_GetBank1Status) for FLASH_GetBank1Status
    stm32f10x_flash.o(i.FLASH_WaitForLastOperation) refers to stm32f10x_flash.o(i.FLASH_GetBank1Status) for FLASH_GetBank1Status
    stm32f10x_gpio.o(i.GPIO_AFIODeInit) refers to stm32f10x_rcc.o(i.RCC_APB2PeriphResetCmd) for RCC_APB2PeriphResetCmd
    stm32f10x_gpio.o(i.GPIO_DeInit) refers to stm32f10x_rcc.o(i.RCC_APB2PeriphResetCmd) for RCC_APB2PeriphResetCmd
    stm32f10x_i2c.o(i.I2C_DeInit) refers to stm32f10x_rcc.o(i.RCC_APB1PeriphResetCmd) for RCC_APB1PeriphResetCmd
[...]
    ../clib/microlib/malloc/malloc.c         0x00000000   Number         0  malloca.o ABSOLUTE
    ../clib/microlib/malloc/malloc.c         0x00000000   Number         0  mallocra.o ABSOLUTE
    ../clib/microlib/malloc/malloc.c         0x00000000   Number         0  malloc.o ABSOLUTE
    ../clib/microlib/malloc/malloc.c         0x00000000   Number         0  mallocr.o ABSOLUTE
    ../clib/microlib/malloc/mvars.c          0x00000000   Number         0  mvars.o ABSOLUTE
    ../clib/microlib/printf/printf.c         0x00000000   Number         0  printf7.o ABSOLUTE
    ../clib/microlib/printf/printf.c         0x00000000   Number         0  printfa.o ABSOLUTE
    ../clib/microlib/printf/printf.c         0x00000000   Number         0  printf6.o ABSOLUTE
    ../clib/microlib/printf/printf.c         0x00000000   Number         0  printf5.o ABSOLUTE
    ../clib/microlib/printf/printf.c         0x00000000   Number         0  printf4.o ABSOLUTE
    ../clib/microlib/printf/printf.c         0x00000000   Number         0  printf8.o ABSOLUTE
    ../clib/microlib/printf/printf.c         0x00000000   Number         0  printf3.o ABSOLUTE
    ../clib/microlib/printf/printf.c         0x00000000   Number         0  printf2.o ABSOLUTE
    ../clib/microlib/printf/printf.c         0x00000000   Number         0  printf1.o ABSOLUTE
    ../clib/microlib/printf/printf.c         0x00000000   Number         0  printf0.o ABSOLUTE
    ../clib/microlib/printf/printf.c         0x00000000   Number         0  printfb.o ABSOLUTE
    ../clib/microlib/printf/stubs.s          0x00000000   Number         0  stubs.o ABSOLUTE
    ../clib/microlib/stdio/streams.c         0x00000000   Number         0  stdout.o ABSOLUTE
    ../clib/microlib/string/memcpy.c         0x00000000   Number         0  memcpya.o ABSOLUTE
    ../clib/microlib/string/memcpy.c         0x00000000   Number         0  memcpyb.o ABSOLUTE
    ../clib/microlib/string/memset.c         0x00000000   Number         0  memseta.o ABSOLUTE
    ../clib/microlib/string/strcmp.c         0x00000000   Number         0  strcmp.o ABSOLUTE
    ../clib/microlib/string/strcpy.c         0x00000000   Number         0  strcpy.o ABSOLUTE
    ../clib/microlib/string/strlen.c         0x00000000   Number         0  strlen.o ABSOLUTE
    ../clib/microlib/string/strncmp.c        0x00000000   Number         0  strncmp.o ABSOLUTE
    ../clib/microlib/stubs.s                 0x00000000   Number         0  iusefp.o ABSOLUTE
    ../clib/scanf.c                          0x00000000   Number         0  scanf_char.o ABSOLUTE
    ../clib/scanf.c                          0x00000000   Number         0  strtod.o ABSOLUTE
    ../clib/scanf.c                          0x00000000   Number         0  _sgetc.o ABSOLUTE
    ../clib/scanf.c                          0x00000000   Number         0  __0sscanf.o ABSOLUTE
    ../clib/scanf.c                          0x00000000   Number         0  _scanf.o ABSOLUTE
    ../clib/scanf.c                          0x00000000   Number         0  scanf_fp.o ABSOLUTE
    ../fplib/microlib/d2f.c                  0x00000000   Number         0  d2f.o ABSOLUTE
    ../fplib/microlib/f2d.c                  0x00000000   Number         0  f2d.o ABSOLUTE
    ../fplib/microlib/fpadd.c                0x00000000   Number         0  dadd.o ABSOLUTE
    ../fplib/microlib/fpadd.c                0x00000000   Number         0  fadd.o ABSOLUTE
    ../fplib/microlib/fpdiv.c                0x00000000   Number         0  ddiv.o ABSOLUTE
    ../fplib/microlib/fpepilogue.c           0x00000000   Number         0  fepilogue.o ABSOLUTE
    ../fplib/microlib/fpepilogue.c           0x00000000   Number         0  depilogue.o ABSOLUTE
    ../fplib/microlib/fpfix.c                0x00000000   Number         0  dfixi.o ABSOLUTE
    ../fplib/microlib/fpfix.c                0x00000000   Number         0  dfixul.o ABSOLUTE
    ../fplib/microlib/fpflt.c                0x00000000   Number         0  ffltui.o ABSOLUTE
    ../fplib/microlib/fpflt.c                0x00000000   Number         0  dflti.o ABSOLUTE
    ../fplib/microlib/fpflt.c                0x00000000   Number         0  dfltul.o ABSOLUTE
    ../fplib/microlib/fpflt.c                0x00000000   Number         0  fflti.o ABSOLUTE
    ../fplib/microlib/fpmul.c                0x00000000   Number         0  dmul.o ABSOLUTE
    ../mathlib/strtod.c                      0x00000000   Number         0  strtod.o ABSOLUTE
    ..\..\Libraries\CMSIS\core_cm3.c         0x00000000   Number         0  core_cm3.o ABSOLUTE
    ..\..\Libraries\CMSIS\startup\startup_stm32f10x_md.s 0x00000000   Number         0  startup_stm32f10x_md.o ABSOLUTE
    ..\..\Libraries\CMSIS\system_stm32f10x.c 0x00000000   Number         0  system_stm32f10x.o ABSOLUTE
    ..\..\Libraries\FWlib\src\misc.c         0x00000000   Number         0  misc.o ABSOLUTE
    ..\..\Libraries\FWlib\src\stm32f10x_adc.c 0x00000000   Number         0  stm32f10x_adc.o ABSOLUTE
    ..\..\Libraries\FWlib\src\stm32f10x_bkp.c 0x00000000   Number         0  stm32f10x_bkp.o ABSOLUTE
    ..\..\Libraries\FWlib\src\stm32f10x_can.c 0x00000000   Number         0  stm32f10x_can.o ABSOLUTE
    ..\..\Libraries\FWlib\src\stm32f10x_cec.c 0x00000000   Number         0  stm32f10x_cec.o ABSOLUTE
    ..\..\Libraries\FWlib\src\stm32f10x_crc.c 0x00000000   Number         0  stm32f10x_crc.o ABSOLUTE
    ..\..\Libraries\FWlib\src\stm32f10x_dac.c 0x00000000   Number         0  stm32f10x_dac.o ABSOLUTE
    ..\..\Libraries\FWlib\src\stm32f10x_dbgmcu.c 0x00000000   Number         0  stm32f10x_dbgmcu.o ABSOLUTE
    ..\..\Libraries\FWlib\src\stm32f10x_dma.c 0x00000000   Number         0  stm32f10x_dma.o ABSOLUTE
    ..\..\Libraries\FWlib\src\stm32f10x_exti.c 0x00000000   Number         0  stm32f10x_exti.o ABSOLUTE
    ..\..\Libraries\FWlib\src\stm32f10x_flash.c 0x00000000   Number         0  stm32f10x_flash.o ABSOLUTE
    ..\..\Libraries\FWlib\src\stm32f10x_fsmc.c 0x00000000   Number         0  stm32f10x_fsmc.o ABSOLUTE
    ..\..\Libraries\FWlib\src\stm32f10x_gpio.c 0x00000000   Number         0  stm32f10x_gpio.o ABSOLUTE
    ..\..\Libraries\FWlib\src\stm32f10x_i2c.c 0x00000000   Number         0  stm32f10x_i2c.o ABSOLUTE
    ..\..\Libraries\FWlib\src\stm32f10x_iwdg.c 0x00000000   Number         0  stm32f10x_iwdg.o ABSOLUTE
    ..\..\Libraries\FWlib\src\stm32f10x_pwr.c 0x00000000   Number         0  stm32f10x_pwr.o ABSOLUTE
    ..\..\Libraries\FWlib\src\stm32f10x_rcc.c 0x00000000   Number         0  stm32f10x_rcc.o ABSOLUTE
    ..\..\Libraries\FWlib\src\stm32f10x_rtc.c 0x00000000   Number         0  stm32f10x_rtc.o ABSOLUTE
    ..\..\Libraries\FWlib\src\stm32f10x_sdio.c 0x00000000   Number         0  stm32f10x_sdio.o ABSOLUTE
    ..\..\Libraries\FWlib\src\stm32f10x_spi.c 0x00000000   Number         0  stm32f10x_spi.o ABSOLUTE
    ..\..\Libraries\FWlib\src\stm32f10x_tim.c 0x00000000   Number         0  stm32f10x_tim.o ABSOLUTE
    ..\..\Libraries\FWlib\src\stm32f10x_usart.c 0x00000000   Number         0  stm32f10x_usart.o ABSOLUTE
    ..\..\Libraries\FWlib\src\stm32f10x_wwdg.c 0x00000000   Number         0  stm32f10x_wwdg.o ABSOLUTE
    ..\..\User\Infrare.c                     0x00000000   Number         0  infrare.o ABSOLUTE
    ..\..\User\LED\LED.c                     0x00000000   Number         0  led.o ABSOLUTE
    ..\..\User\OLED.c                        0x00000000   Number         0  oled.o ABSOLUTE
    ..\..\User\SysTick\bsp_SysTick.c         0x00000000   Number         0  bsp_systick.o ABSOLUTE
    ..\..\User\all_init.c                    0x00000000   Number         0  all_init.o ABSOLUTE
    ..\..\User\bsp_beep.c                    0x00000000   Number         0  bsp_beep.o ABSOLUTE
    ..\..\User\cJSON\cJSON.c                 0x00000000   Number         0  cjson.o ABSOLUTE
    ..\..\User\dht11\bsp_dht11.c             0x00000000   Number         0  bsp_dht11.o ABSOLUTE
    ..\..\User\floatTOs.c                    0x00000000   Number         0  floattos.o ABSOLUTE
    ..\..\User\main.c                        0x00000000   Number         0  main.o ABSOLUTE
    ..\..\User\math_display.c                0x00000000   Number         0  math_display.o ABSOLUTE
    ..\..\User\millis\millis.c               0x00000000   Number         0  millis.o ABSOLUTE
    ..\..\User\smoke.c                       0x00000000   Number         0  smoke.o ABSOLUTE
    ..\..\User\stepmotor\stepmotor.c         0x00000000   Number         0  stepmotor.o ABSOLUTE
    ..\..\User\stm32f10x_it.c                0x00000000   Number         0  stm32f10x_it.o ABSOLUTE
    ..\..\User\usart3\usart3.c               0x00000000   Number         0  usart3.o ABSOLUTE
    ..\..\User\yun\yun.c                     0x00000000   Number         0  yun.o ABSOLUTE
    ..\\..\\Libraries\\CMSIS\\core_cm3.c     0x00000000   Number         0  core_cm3.o ABSOLUTE
    cdcmple.s                                0x00000000   Number         0  cdcmple.o ABSOLUTE
    cdrcmple.s                               0x00000000   Number         0  cdrcmple.o ABSOLUTE
    dc.s                                     0x00000000   Number         0  dc.o ABSOLUTE
    handlers.s                               0x00000000   Number         0  handlers.o ABSOLUTE
    init.s                                   0x00000000   Number         0  init.o ABSOLUTE
    RESET                                    0x08000000   Section      236  startup_stm32f10x_md.o(RESET)
    .ARM.Collect$$$$00000000                 0x080000ec   Section        0  entry.o(.ARM.Collect$$$$00000000)
    .ARM.Collect$$$$00000001                 0x080000ec   Section        4  entry2.o(.ARM.Collect$$$$00000001)
    .ARM.Collect$$$$00000004                 0x080000f0   Section        4  entry5.o(.ARM.Collect$$$$00000004)
    .ARM.Collect$$$$00000008                 0x080000f4   Section        0  entry7b.o(.ARM.Collect$$$$00000008)
    .ARM.Collect$$$$0000000A                 0x080000f4   Section        0  entry8b.o(.ARM.Collect$$$$0000000A)
    .ARM.Collect$$$$0000000B                 0x080000f4   Section        8  entry9a.o(.ARM.Collect$$$$0000000B)
    .ARM.Collect$$$$0000000D                 0x080000fc   Section        0  entry10a.o(.ARM.Collect$$$$0000000D)
    .ARM.Collect$$$$0000000F                 0x080000fc   Section        0  entry11a.o(.ARM.Collect$$$$0000000F)
    .ARM.Collect$$$$00002712                 0x080000fc   Section        4  entry2.o(.ARM.Collect$$$$00002712)
    __lit__00000000                          0x080000fc   Data           4  entry2.o(.ARM.Collect$$$$00002712)
    .text                                    0x08000100   Section       36  startup_stm32f10x_md.o(.text)
    .text                                    0x08000124   Section        0  tolower.o(.text)
    .text                                    0x08000130   Section        0  localeconv.o(.text)
    .text                                    0x08000138   Section        0  memcpya.o(.text)
    .text                                    0x0800015c   Section        0  memseta.o(.text)
    .text                                    0x08000180   Section        0  strlen.o(.text)
    .text                                    0x0800018e   Section        0  strcmp.o(.text)
    .text                                    0x080001aa   Section        0  strncmp.o(.text)
    .text                                    0x080001c8   Section        0  scanf_fp.o(.text)
    _fp_value                                0x080001c9   Thumb Code   296  scanf_fp.o(.text)
    .text                                    0x08000528   Section        0  fadd.o(.text)
    .text                                    0x080005d8   Section        0  dadd.o(.text)
    .text                                    0x08000726   Section        0  dmul.o(.text)
    .text                                    0x0800080a   Section        0  ddiv.o(.text)
    .text                                    0x080008e8   Section        0  fflti.o(.text)
    .text                                    0x080008fa   Section        0  ffltui.o(.text)
    .text                                    0x08000904   Section        0  dflti.o(.text)
    .text                                    0x08000926   Section        0  dfixi.o(.text)
    .text                                    0x08000964   Section        0  f2d.o(.text)
    .text                                    0x0800098c   Section       48  cdcmple.o(.text)
    .text                                    0x080009bc   Section       48  cdrcmple.o(.text)
    .text                                    0x080009ec   Section        0  d2f.o(.text)
    .text                                    0x08000a24   Section        0  uidiv.o(.text)
    .text                                    0x08000a50   Section        0  uldiv.o(.text)
    .text                                    0x08000ab2   Section        0  llshl.o(.text)
    .text                                    0x08000ad0   Section        0  llushr.o(.text)
    .text                                    0x08000af0   Section        0  llsshr.o(.text)
    .text                                    0x08000b14   Section        0  _sgetc.o(.text)
    .text                                    0x08000b54   Section        0  strtod.o(.text)
    _local_sscanf                            0x08000b55   Thumb Code    54  strtod.o(.text)
    .text                                    0x08000bf0   Section        0  fepilogue.o(.text)
    .text                                    0x08000bf0   Section        0  iusefp.o(.text)
    .text                                    0x08000c5e   Section        0  depilogue.o(.text)
    .text                                    0x08000d18   Section        0  dfltul.o(.text)
    .text                                    0x08000d30   Section        0  dfixul.o(.text)
    .text                                    0x08000d60   Section       36  init.o(.text)
    .text                                    0x08000d84   Section        0  isspace_c.o(.text)
    .text                                    0x08000d90   Section        0  ctype_c.o(.text)
    i.BKP_DeInit                             0x08000db8   Section        0  stm32f10x_bkp.o(i.BKP_DeInit)
    i.Beep_GPIO_Config                       0x08000dc8   Section        0  bsp_beep.o(i.Beep_GPIO_Config)
    Beep_GPIO_Config                         0x08000dc9   Thumb Code    40  bsp_beep.o(i.Beep_GPIO_Config)
    i.Beep_Init                              0x08000df4   Section        0  bsp_beep.o(i.Beep_Init)
    i.BusFault_Handler                       0x08000e0c   Section        0  stm32f10x_it.o(i.BusFault_Handler)
    i.DHT11_GPIO_Config                      0x08000e10   Section        0  bsp_dht11.o(i.DHT11_GPIO_Config)
    DHT11_GPIO_Config                        0x08000e11   Thumb Code    38  bsp_dht11.o(i.DHT11_GPIO_Config)
    i.DHT11_Init                             0x08000e3c   Section        0  bsp_dht11.o(i.DHT11_Init)
    i.DHT11_Mode_IPU                         0x08000e50   Section        0  bsp_dht11.o(i.DHT11_Mode_IPU)
    DHT11_Mode_IPU                           0x08000e51   Thumb Code    24  bsp_dht11.o(i.DHT11_Mode_IPU)
    i.DHT11_Mode_Out_PP                      0x08000e6c   Section        0  bsp_dht11.o(i.DHT11_Mode_Out_PP)
    DHT11_Mode_Out_PP                        0x08000e6d   Thumb Code    30  bsp_dht11.o(i.DHT11_Mode_Out_PP)
    i.DHT11_ReadByte                         0x08000e90   Section        0  bsp_dht11.o(i.DHT11_ReadByte)
    DHT11_ReadByte                           0x08000e91   Thumb Code    90  bsp_dht11.o(i.DHT11_ReadByte)
    i.DHT11_Read_TempAndHumidity             0x08000ef0   Section        0  bsp_dht11.o(i.DHT11_Read_TempAndHumidity)
    i.DebugMon_Handler                       0x08000f94   Section        0  stm32f10x_it.o(i.DebugMon_Handler)
    i.Delay_us                               0x08000f98   Section        0  bsp_systick.o(i.Delay_us)
    i.Delay_xms                              0x08000fc0   Section        0  stepmotor.o(i.Delay_xms)
    i.EXTI4_IRQHandler                       0x08000fd8   Section        0  stm32f10x_it.o(i.EXTI4_IRQHandler)
    i.EXTI_ClearITPendingBit                 0x08001060   Section        0  stm32f10x_exti.o(i.EXTI_ClearITPendingBit)
    i.EXTI_GetITStatus                       0x0800106c   Section        0  stm32f10x_exti.o(i.EXTI_GetITStatus)
    i.EXTI_Init                              0x08001094   Section        0  stm32f10x_exti.o(i.EXTI_Init)
    i.EXTI_SMOKE_Config                      0x08001128   Section        0  smoke.o(i.EXTI_SMOKE_Config)
    i.GPIO_EXTILineConfig                    0x08001174   Section        0  stm32f10x_gpio.o(i.GPIO_EXTILineConfig)
    i.GPIO_Init                              0x080011b4   Section        0  stm32f10x_gpio.o(i.GPIO_Init)
    i.GPIO_ReadInputDataBit                  0x080012ca   Section        0  stm32f10x_gpio.o(i.GPIO_ReadInputDataBit)
    i.GPIO_ResetBits                         0x080012dc   Section        0  stm32f10x_gpio.o(i.GPIO_ResetBits)
    i.GPIO_SetBits                           0x080012e0   Section        0  stm32f10x_gpio.o(i.GPIO_SetBits)
    i.HardFault_Handler                      0x080012e4   Section        0  stm32f10x_it.o(i.HardFault_Handler)
    i.LED_Init                               0x080012e8   Section        0  led.o(i.LED_Init)
    i.Led_Off                                0x08001320   Section        0  led.o(i.Led_Off)
    i.Led_On                                 0x08001354   Section        0  led.o(i.Led_On)
    i.MILLIS_Init                            0x08001388   Section        0  millis.o(i.MILLIS_Init)
    i.MemManage_Handler                      0x0800144c   Section        0  stm32f10x_it.o(i.MemManage_Handler)
    i.Moto_Init                              0x08001450   Section        0  stepmotor.o(i.Moto_Init)
    i.Motor_angle                            0x08001484   Section        0  stepmotor.o(i.Motor_angle)
    i.Motorccw                               0x08001520   Section        0  stepmotor.o(i.Motorccw)
    i.Motorcw                                0x0800178c   Section        0  stepmotor.o(i.Motorcw)
    i.NMI_Handler                            0x080019f8   Section        0  stm32f10x_it.o(i.NMI_Handler)
    i.NVIC_Init                              0x080019fc   Section        0  misc.o(i.NVIC_Init)
    i.NVIC_PriorityGroupConfig               0x08001a6c   Section        0  misc.o(i.NVIC_PriorityGroupConfig)
    i.OLED_16x16CN                           0x08001a80   Section        0  oled.o(i.OLED_16x16CN)
    i.OLED_16x16CN_S_F                       0x08001adc   Section        0  oled.o(i.OLED_16x16CN_S_F)
    i.OLED_16x16CN_TIMU                      0x08001b38   Section        0  oled.o(i.OLED_16x16CN_TIMU)
    i.OLED_16x16CN_WENDU                     0x08001b94   Section        0  oled.o(i.OLED_16x16CN_WENDU)
    i.OLED_16x16CN_W_F                       0x08001bf0   Section        0  oled.o(i.OLED_16x16CN_W_F)
    i.OLED_16x16CN_XIAOFANG                  0x08001c4c   Section        0  oled.o(i.OLED_16x16CN_XIAOFANG)
    i.OLED_16x16CN_YICHANG                   0x08001ca8   Section        0  oled.o(i.OLED_16x16CN_YICHANG)
    i.OLED_16x16CN_ZHENCHANG                 0x08001d04   Section        0  oled.o(i.OLED_16x16CN_ZHENCHANG)
    i.OLED_8x16Str                           0x08001d60   Section        0  oled.o(i.OLED_8x16Str)
    i.OLED_CLS                               0x08001de8   Section        0  oled.o(i.OLED_CLS)
    i.OLED_Fill                              0x08001df2   Section        0  oled.o(i.OLED_Fill)
    i.OLED_Init                              0x08001e2c   Section        0  oled.o(i.OLED_Init)
    i.OLED_SetPos                            0x08001f20   Section        0  oled.o(i.OLED_SetPos)
    i.OLED_WrCmd                             0x08001f48   Section        0  oled.o(i.OLED_WrCmd)
    i.OLED_WrDat                             0x08001f9c   Section        0  oled.o(i.OLED_WrDat)
    i.PWR_BackupAccessCmd                    0x08001ff0   Section        0  stm32f10x_pwr.o(i.PWR_BackupAccessCmd)
    i.PWR_ClearFlag                          0x08001ffc   Section        0  stm32f10x_pwr.o(i.PWR_ClearFlag)
    i.PWR_GetFlagStatus                      0x08002010   Section        0  stm32f10x_pwr.o(i.PWR_GetFlagStatus)
    i.PendSV_Handler                         0x08002028   Section        0  stm32f10x_it.o(i.PendSV_Handler)
    i.RCC_APB1PeriphClockCmd                 0x0800202c   Section        0  stm32f10x_rcc.o(i.RCC_APB1PeriphClockCmd)
    i.RCC_APB2PeriphClockCmd                 0x0800204c   Section        0  stm32f10x_rcc.o(i.RCC_APB2PeriphClockCmd)
    i.RCC_BackupResetCmd                     0x0800206c   Section        0  stm32f10x_rcc.o(i.RCC_BackupResetCmd)
    i.RCC_GetClocksFreq                      0x08002078   Section        0  stm32f10x_rcc.o(i.RCC_GetClocksFreq)
    i.RCC_GetFlagStatus                      0x0800214c   Section        0  stm32f10x_rcc.o(i.RCC_GetFlagStatus)
    i.RCC_LSICmd                             0x08002188   Section        0  stm32f10x_rcc.o(i.RCC_LSICmd)
    i.RCC_RTCCLKCmd                          0x08002194   Section        0  stm32f10x_rcc.o(i.RCC_RTCCLKCmd)
    i.RCC_RTCCLKConfig                       0x080021a0   Section        0  stm32f10x_rcc.o(i.RCC_RTCCLKConfig)
    i.RTCAlarm_IRQHandler                    0x080021b0   Section        0  millis.o(i.RTCAlarm_IRQHandler)
    i.RTC_ClearITPendingBit                  0x080021cc   Section        0  stm32f10x_rtc.o(i.RTC_ClearITPendingBit)
    i.RTC_EnterConfigMode                    0x080021dc   Section        0  stm32f10x_rtc.o(i.RTC_EnterConfigMode)
    i.RTC_ExitConfigMode                     0x080021f0   Section        0  stm32f10x_rtc.o(i.RTC_ExitConfigMode)
    i.RTC_GetITStatus                        0x08002204   Section        0  stm32f10x_rtc.o(i.RTC_GetITStatus)
    i.RTC_IRQHandler                         0x08002228   Section        0  millis.o(i.RTC_IRQHandler)
    i.RTC_ITConfig                           0x08002258   Section        0  stm32f10x_rtc.o(i.RTC_ITConfig)
    i.RTC_SetCounter                         0x08002278   Section        0  stm32f10x_rtc.o(i.RTC_SetCounter)
    i.RTC_SetPrescaler                       0x08002294   Section        0  stm32f10x_rtc.o(i.RTC_SetPrescaler)
    i.RTC_WaitForLastTask                    0x080022b4   Section        0  stm32f10x_rtc.o(i.RTC_WaitForLastTask)
    i.RTC_WaitForSynchro                     0x080022c8   Section        0  stm32f10x_rtc.o(i.RTC_WaitForSynchro)
    i.SMOKE_NVIC_Configuration               0x080022ec   Section        0  smoke.o(i.SMOKE_NVIC_Configuration)
    SMOKE_NVIC_Configuration                 0x080022ed   Thumb Code    38  smoke.o(i.SMOKE_NVIC_Configuration)
    i.SVC_Handler                            0x08002312   Section        0  stm32f10x_it.o(i.SVC_Handler)
    i.SetSysClock                            0x08002314   Section        0  system_stm32f10x.o(i.SetSysClock)
    SetSysClock                              0x08002315   Thumb Code     8  system_stm32f10x.o(i.SetSysClock)
    i.SetSysClockTo72                        0x0800231c   Section        0  system_stm32f10x.o(i.SetSysClockTo72)
    SetSysClockTo72                          0x0800231d   Thumb Code   214  system_stm32f10x.o(i.SetSysClockTo72)
    i.SysTick_Handler                        0x080023fc   Section        0  stm32f10x_it.o(i.SysTick_Handler)
    i.SysTick_Init                           0x08002404   Section        0  bsp_systick.o(i.SysTick_Init)
    i.SystemInit                             0x08002480   Section        0  system_stm32f10x.o(i.SystemInit)
    i.TimingDelay_Decrement                  0x080024e0   Section        0  bsp_systick.o(i.TimingDelay_Decrement)
    i.USART3_Config                          0x080024f8   Section        0  usart3.o(i.USART3_Config)
    i.USART3_IRQHandler                      0x080025b0   Section        0  usart3.o(i.USART3_IRQHandler)
    i.USART_Cmd                              0x0800260c   Section        0  stm32f10x_usart.o(i.USART_Cmd)
    i.USART_GetITStatus                      0x08002624   Section        0  stm32f10x_usart.o(i.USART_GetITStatus)
    i.USART_ITConfig                         0x08002678   Section        0  stm32f10x_usart.o(i.USART_ITConfig)
    i.USART_Init                             0x080026c4   Section        0  stm32f10x_usart.o(i.USART_Init)
    i.USART_SendData                         0x0800279c   Section        0  stm32f10x_usart.o(i.USART_SendData)
    i.UsageFault_Handler                     0x080027a4   Section        0  stm32f10x_it.o(i.UsageFault_Handler)
    i.__0printf                              0x080027a8   Section        0  printfa.o(i.__0printf)
    i.__free$realloc                         0x080027c8   Section        0  mallocr.o(i.__free$realloc)
    i.__malloc$realloc                       0x08002824   Section        0  mallocr.o(i.__malloc$realloc)
    i.__scatterload_copy                     0x08002874   Section       14  handlers.o(i.__scatterload_copy)
    i.__scatterload_null                     0x08002882   Section        2  handlers.o(i.__scatterload_null)
    i.__scatterload_zeroinit                 0x08002884   Section       14  handlers.o(i.__scatterload_zeroinit)
    i._fp_digits                             0x08002894   Section        0  printfa.o(i._fp_digits)
    _fp_digits                               0x08002895   Thumb Code   366  printfa.o(i._fp_digits)
    i._is_digit                              0x08002a18   Section        0  scanf_fp.o(i._is_digit)
    i._printf_core                           0x08002a28   Section        0  printfa.o(i._printf_core)
    _printf_core                             0x08002a29   Thumb Code  1744  printfa.o(i._printf_core)
    i._printf_post_padding                   0x08003104   Section        0  printfa.o(i._printf_post_padding)
    _printf_post_padding                     0x08003105   Thumb Code    36  printfa.o(i._printf_post_padding)
    i._printf_pre_padding                    0x08003128   Section        0  printfa.o(i._printf_pre_padding)
    _printf_pre_padding                      0x08003129   Thumb Code    46  printfa.o(i._printf_pre_padding)
    i.alert                                  0x08003158   Section        0  yun.o(i.alert)
    i.all_init                               0x08003190   Section        0  all_init.o(i.all_init)
    i.buffer_skip_whitespace                 0x080031d0   Section        0  cjson.o(i.buffer_skip_whitespace)
    buffer_skip_whitespace                   0x080031d1   Thumb Code    58  cjson.o(i.buffer_skip_whitespace)
    i.cJSON_Delete                           0x0800320c   Section        0  cjson.o(i.cJSON_Delete)
    i.cJSON_GetObjectItem                    0x08003264   Section        0  cjson.o(i.cJSON_GetObjectItem)
    i.cJSON_New_Item                         0x08003276   Section        0  cjson.o(i.cJSON_New_Item)
    cJSON_New_Item                           0x08003277   Thumb Code    26  cjson.o(i.cJSON_New_Item)
    i.cJSON_Parse                            0x08003290   Section        0  cjson.o(i.cJSON_Parse)
    i.cJSON_ParseWithOpts                    0x080032a0   Section        0  cjson.o(i.cJSON_ParseWithOpts)
    i.case_insensitive_strcmp                0x08003370   Section        0  cjson.o(i.case_insensitive_strcmp)
    case_insensitive_strcmp                  0x08003371   Thumb Code    72  cjson.o(i.case_insensitive_strcmp)
    i.check_status                           0x080033b8   Section        0  yun.o(i.check_status)
    i.checkin                                0x080033d4   Section        0  yun.o(i.checkin)
    i.checkout                               0x0800341c   Section        0  yun.o(i.checkout)
    i.display_num                            0x08003468   Section        0  math_display.o(i.display_num)
    i.float_to_s                             0x080034cc   Section        0  floattos.o(i.float_to_s)
    i.fputc                                  0x080035a4   Section        0  usart3.o(i.fputc)
    i.get_decimal_point                      0x080035c8   Section        0  cjson.o(i.get_decimal_point)
    get_decimal_point                        0x080035c9   Thumb Code    14  cjson.o(i.get_decimal_point)
    i.get_object_item                        0x080035d6   Section        0  cjson.o(i.get_object_item)
    get_object_item                          0x080035d7   Thumb Code    68  cjson.o(i.get_object_item)
    i.internal_alloc                         0x0800361c   Section        0  mallocr.o(i.internal_alloc)
    internal_alloc                           0x0800361d   Thumb Code    76  mallocr.o(i.internal_alloc)
    i.main                                   0x0800366c   Section        0  main.o(i.main)
    i.maths                                  0x08003810   Section        0  math_display.o(i.maths)
    i.millis                                 0x08003858   Section        0  millis.o(i.millis)
    i.parse_array                            0x0800386c   Section        0  cjson.o(i.parse_array)
    parse_array                              0x0800386d   Thumb Code   244  cjson.o(i.parse_array)
    i.parse_hex4                             0x08003960   Section        0  cjson.o(i.parse_hex4)
    parse_hex4                               0x08003961   Thumb Code    90  cjson.o(i.parse_hex4)
    i.parse_number                           0x080039bc   Section        0  cjson.o(i.parse_number)
    parse_number                             0x080039bd   Thumb Code   298  cjson.o(i.parse_number)
    i.parse_object                           0x08003af4   Section        0  cjson.o(i.parse_object)
    parse_object                             0x08003af5   Thumb Code   314  cjson.o(i.parse_object)
    i.parse_string                           0x08003c2e   Section        0  cjson.o(i.parse_string)
    parse_string                             0x08003c2f   Thumb Code   396  cjson.o(i.parse_string)
    i.parse_value                            0x08003dbc   Section        0  cjson.o(i.parse_value)
    parse_value                              0x08003dbd   Thumb Code   290  cjson.o(i.parse_value)
    i.processMessage                         0x08003ef8   Section        0  main.o(i.processMessage)
    i.realloc                                0x08004214   Section        0  mallocr.o(i.realloc)
    i.say                                    0x08004280   Section        0  yun.o(i.say)
    i.show_first                             0x080042b4   Section        0  oled.o(i.show_first)
    i.show_state                             0x08004300   Section        0  oled.o(i.show_state)
    i.show_stay                              0x08004346   Section        0  oled.o(i.show_stay)
    i.strtod                                 0x080043d8   Section        0  strtod.o(i.strtod)
    i.update4                                0x080043f4   Section        0  yun.o(i.update4)
    i.update_zhen                            0x08004444   Section        0  yun.o(i.update_zhen)
    i.utf16_literal_to_utf8                  0x08004488   Section        0  cjson.o(i.utf16_literal_to_utf8)
    utf16_literal_to_utf8                    0x08004489   Thumb Code   300  cjson.o(i.utf16_literal_to_utf8)
    .constdata                               0x080045b4   Section     4968  oled.o(.constdata)
    .constdata                               0x0800591c   Section       56  ilconv.o(.constdata)
    .constdata                               0x08005954   Section       64  ctype_c.o(.constdata)
    .conststring                             0x08005994   Section       76  yun.o(.conststring)
    .conststring                             0x080059e0   Section        5  ilconv.o(.conststring)
    .data                                    0x20000000   Section       20  system_stm32f10x.o(.data)
    .data                                    0x20000014   Section       20  stm32f10x_rcc.o(.data)
    APBAHBPrescTable                         0x20000014   Data          16  stm32f10x_rcc.o(.data)
    ADCPrescTable                            0x20000024   Data           4  stm32f10x_rcc.o(.data)
    .data                                    0x20000028   Section       20  main.o(.data)
    .data                                    0x2000003c   Section        4  bsp_systick.o(.data)
    TimingDelay                              0x2000003c   Data           4  bsp_systick.o(.data)
    .data                                    0x20000040   Section       10  floattos.o(.data)
    table                                    0x20000040   Data          10  floattos.o(.data)
    .data                                    0x2000004c   Section       20  cjson.o(.data)
    global_error                             0x2000004c   Data           8  cjson.o(.data)
    global_hooks                             0x20000054   Data          12  cjson.o(.data)
    .data                                    0x20000060   Section        4  stdout.o(.data)
    .data                                    0x20000064   Section        4  mvars.o(.data)
    .data                                    0x20000068   Section        4  mvars.o(.data)
    .bss                                     0x2000006c   Section     1024  main.o(.bss)
    HEAP                                     0x20000470   Section      512  startup_stm32f10x_md.o(HEAP)
    STACK                                    0x20000670   Section     1024  startup_stm32f10x_md.o(STACK)

    Global Symbols

    Symbol Name                              Value     Ov Type        Size  Object(Section)

    BuildAttributes$$THM_ISAv4$P$D$K$B$S$PE$A:L22UL41UL21$X:L11$S22US41US21$IEEE1$IW$USESV6$~STKCKD$USESV7$~SHL$OTIME$ROPI$IEEEJ$EBA8$MICROLIB$REQ8$PRES8$EABIv2 0x00000000   Number         0  anon$$obj.o ABSOLUTE
    __ARM_use_no_argv                        0x00000000   Number         0  main.o ABSOLUTE
    _printf_a                                0x00000000   Number         0  stubs.o ABSOLUTE
    _printf_c                                0x00000000   Number         0  stubs.o ABSOLUTE
    _printf_charcount                        0x00000000   Number         0  stubs.o ABSOLUTE
    _printf_d                                0x00000000   Number         0  stubs.o ABSOLUTE
    _printf_e                                0x00000000   Number         0  stubs.o ABSOLUTE
    _printf_f                                0x00000000   Number         0  stubs.o ABSOLUTE
    _printf_flags                            0x00000000   Number         0  stubs.o ABSOLUTE
    _printf_fp_dec                           0x00000000   Number         0  stubs.o ABSOLUTE
    _printf_fp_hex                           0x00000000   Number         0  stubs.o ABSOLUTE
    _printf_g                                0x00000000   Number         0  stubs.o ABSOLUTE
    _printf_i                                0x00000000   Number         0  stubs.o ABSOLUTE
    _printf_int_dec                          0x00000000   Number         0  stubs.o ABSOLUTE
    _printf_l                                0x00000000   Number         0  stubs.o ABSOLUTE
    _printf_lc                               0x00000000   Number         0  stubs.o ABSOLUTE
    _printf_ll                               0x00000000   Number         0  stubs.o ABSOLUTE
    _printf_lld                              0x00000000   Number         0  stubs.o ABSOLUTE
    _printf_lli                              0x00000000   Number         0  stubs.o ABSOLUTE
    _printf_llo                              0x00000000   Number         0  stubs.o ABSOLUTE
    _printf_llu                              0x00000000   Number         0  stubs.o ABSOLUTE
    _printf_llx                              0x00000000   Number         0  stubs.o ABSOLUTE
    _printf_longlong_dec                     0x00000000   Number         0  stubs.o ABSOLUTE
    _printf_longlong_hex                     0x00000000   Number         0  stubs.o ABSOLUTE
    _printf_longlong_oct                     0x00000000   Number         0  stubs.o ABSOLUTE
    _printf_ls                               0x00000000   Number         0  stubs.o ABSOLUTE
    _printf_mbtowc                           0x00000000   Number         0  stubs.o ABSOLUTE
    _printf_n                                0x00000000   Number         0  stubs.o ABSOLUTE
    _printf_o                                0x00000000   Number         0  stubs.o ABSOLUTE
    _printf_p                                0x00000000   Number         0  stubs.o ABSOLUTE
    _printf_percent                          0x00000000   Number         0  stubs.o ABSOLUTE
    _printf_pre_padding                      0x00000000   Number         0  stubs.o ABSOLUTE
    _printf_return_value                     0x00000000   Number         0  stubs.o ABSOLUTE
    _printf_s                                0x00000000   Number         0  stubs.o ABSOLUTE
    _printf_sizespec                         0x00000000   Number         0  stubs.o ABSOLUTE
    _printf_str                              0x00000000   Number         0  stubs.o ABSOLUTE
    _printf_truncate_signed                  0x00000000   Number         0  stubs.o ABSOLUTE
    _printf_truncate_unsigned                0x00000000   Number         0  stubs.o ABSOLUTE
    _printf_u                                0x00000000   Number         0  stubs.o ABSOLUTE
    _printf_wc                               0x00000000   Number         0  stubs.o ABSOLUTE
    _printf_wctomb                           0x00000000   Number         0  stubs.o ABSOLUTE
    _printf_widthprec                        0x00000000   Number         0  stubs.o ABSOLUTE
    _printf_x                                0x00000000   Number         0  stubs.o ABSOLUTE
    __cpp_initialize__aeabi_                  - Undefined Weak Reference
    __cxa_finalize                            - Undefined Weak Reference
    __decompress                              - Undefined Weak Reference
    _clock_init                               - Undefined Weak Reference
    _microlib_exit                            - Undefined Weak Reference
    _scanf_int                                - Undefined Weak Reference
    _scanf_longlong                           - Undefined Weak Reference
    _scanf_string                             - Undefined Weak Reference
    __Vectors_Size                           0x000000ec   Number         0  startup_stm32f10x_md.o ABSOLUTE
    __Vectors                                0x08000000   Data           4  startup_stm32f10x_md.o(RESET)
    __Vectors_End                            0x080000ec   Data           0  startup_stm32f10x_md.o(RESET)
    __main                                   0x080000ed   Thumb Code     0  entry.o(.ARM.Collect$$$$00000000)
    _main_stk                                0x080000ed   Thumb Code     0  entry2.o(.ARM.Collect$$$$00000001)
    _main_scatterload                        0x080000f1   Thumb Code     0  entry5.o(.ARM.Collect$$$$00000004)
    __main_after_scatterload                 0x080000f5   Thumb Code     0  entry5.o(.ARM.Collect$$$$00000004)
    _main_clock                              0x080000f5   Thumb Code     0  entry7b.o(.ARM.Collect$$$$00000008)
    _main_cpp_init                           0x080000f5   Thumb Code     0  entry8b.o(.ARM.Collect$$$$0000000A)
    _main_init                               0x080000f5   Thumb Code     0  entry9a.o(.ARM.Collect$$$$0000000B)
    __rt_final_cpp                           0x080000fd   Thumb Code     0  entry10a.o(.ARM.Collect$$$$0000000D)
    __rt_final_exit                          0x080000fd   Thumb Code     0  entry11a.o(.ARM.Collect$$$$0000000F)
    Reset_Handler                            0x08000101   Thumb Code     8  startup_stm32f10x_md.o(.text)
    ADC1_2_IRQHandler                        0x0800011b   Thumb Code     0  startup_stm32f10x_md.o(.text)
    CAN1_RX1_IRQHandler                      0x0800011b   Thumb Code     0  startup_stm32f10x_md.o(.text)
    CAN1_SCE_IRQHandler                      0x0800011b   Thumb Code     0  startup_stm32f10x_md.o(.text)
    DMA1_Channel1_IRQHandler                 0x0800011b   Thumb Code     0  startup_stm32f10x_md.o(.text)
    DMA1_Channel2_IRQHandler                 0x0800011b   Thumb Code     0  startup_stm32f10x_md.o(.text)
    DMA1_Channel3_IRQHandler                 0x0800011b   Thumb Code     0  startup_stm32f10x_md.o(.text)
    DMA1_Channel4_IRQHandler                 0x0800011b   Thumb Code     0  startup_stm32f10x_md.o(.text)
    DMA1_Channel5_IRQHandler                 0x0800011b   Thumb Code     0  startup_stm32f10x_md.o(.text)
    DMA1_Channel6_IRQHandler                 0x0800011b   Thumb Code     0  startup_stm32f10x_md.o(.text)
    DMA1_Channel7_IRQHandler                 0x0800011b   Thumb Code     0  startup_stm32f10x_md.o(.text)
    EXTI0_IRQHandler                         0x0800011b   Thumb Code     0  startup_stm32f10x_md.o(.text)
    EXTI15_10_IRQHandler                     0x0800011b   Thumb Code     0  startup_stm32f10x_md.o(.text)
    EXTI1_IRQHandler                         0x0800011b   Thumb Code     0  startup_stm32f10x_md.o(.text)
    EXTI2_IRQHandler                         0x0800011b   Thumb Code     0  startup_stm32f10x_md.o(.text)
    EXTI3_IRQHandler                         0x0800011b   Thumb Code     0  startup_stm32f10x_md.o(.text)
    EXTI9_5_IRQHandler                       0x0800011b   Thumb Code     0  startup_stm32f10x_md.o(.text)
    FLASH_IRQHandler                         0x0800011b   Thumb Code     0  startup_stm32f10x_md.o(.text)
    I2C1_ER_IRQHandler                       0x0800011b   Thumb Code     0  startup_stm32f10x_md.o(.text)
    I2C1_EV_IRQHandler                       0x0800011b   Thumb Code     0  startup_stm32f10x_md.o(.text)
    I2C2_ER_IRQHandler                       0x0800011b   Thumb Code     0  startup_stm32f10x_md.o(.text)
    I2C2_EV_IRQHandler                       0x0800011b   Thumb Code     0  startup_stm32f10x_md.o(.text)
    PVD_IRQHandler                           0x0800011b   Thumb Code     0  startup_stm32f10x_md.o(.text)
    RCC_IRQHandler                           0x0800011b   Thumb Code     0  startup_stm32f10x_md.o(.text)
    SPI1_IRQHandler                          0x0800011b   Thumb Code     0  startup_stm32f10x_md.o(.text)
    SPI2_IRQHandler                          0x0800011b   Thumb Code     0  startup_stm32f10x_md.o(.text)
    TAMPER_IRQHandler                        0x0800011b   Thumb Code     0  startup_stm32f10x_md.o(.text)
    TIM1_BRK_IRQHandler                      0x0800011b   Thumb Code     0  startup_stm32f10x_md.o(.text)
    TIM1_CC_IRQHandler                       0x0800011b   Thumb Code     0  startup_stm32f10x_md.o(.text)
    TIM1_TRG_COM_IRQHandler                  0x0800011b   Thumb Code     0  startup_stm32f10x_md.o(.text)
    TIM1_UP_IRQHandler                       0x0800011b   Thumb Code     0  startup_stm32f10x_md.o(.text)
    TIM2_IRQHandler                          0x0800011b   Thumb Code     0  startup_stm32f10x_md.o(.text)
    TIM3_IRQHandler                          0x0800011b   Thumb Code     0  startup_stm32f10x_md.o(.text)
    TIM4_IRQHandler                          0x0800011b   Thumb Code     0  startup_stm32f10x_md.o(.text)
    USART1_IRQHandler                        0x0800011b   Thumb Code     0  startup_stm32f10x_md.o(.text)
    USART2_IRQHandler                        0x0800011b   Thumb Code     0  startup_stm32f10x_md.o(.text)
    USBWakeUp_IRQHandler                     0x0800011b   Thumb Code     0  startup_stm32f10x_md.o(.text)
    USB_HP_CAN1_TX_IRQHandler                0x0800011b   Thumb Code     0  startup_stm32f10x_md.o(.text)
    USB_LP_CAN1_RX0_IRQHandler               0x0800011b   Thumb Code     0  startup_stm32f10x_md.o(.text)
    WWDG_IRQHandler                          0x0800011b   Thumb Code     0  startup_stm32f10x_md.o(.text)
    tolower                                  0x08000125   Thumb Code    12  tolower.o(.text)
    localeconv                               0x08000131   Thumb Code     4  localeconv.o(.text)
    __aeabi_memcpy                           0x08000139   Thumb Code    36  memcpya.o(.text)
    __aeabi_memcpy4                          0x08000139   Thumb Code     0  memcpya.o(.text)
    __aeabi_memcpy8                          0x08000139   Thumb Code     0  memcpya.o(.text)
    __aeabi_memset                           0x0800015d   Thumb Code    14  memseta.o(.text)
    __aeabi_memset4                          0x0800015d   Thumb Code     0  memseta.o(.text)
    __aeabi_memset8                          0x0800015d   Thumb Code     0  memseta.o(.text)
    __aeabi_memclr                           0x0800016b   Thumb Code     4  memseta.o(.text)
    __aeabi_memclr4                          0x0800016b   Thumb Code     0  memseta.o(.text)
    __aeabi_memclr8                          0x0800016b   Thumb Code     0  memseta.o(.text)
    _memset$wrapper                          0x0800016f   Thumb Code    18  memseta.o(.text)
    strlen                                   0x08000181   Thumb Code    14  strlen.o(.text)
    strcmp                                   0x0800018f   Thumb Code    28  strcmp.o(.text)
    strncmp                                  0x080001ab   Thumb Code    30  strncmp.o(.text)
    _scanf_real                              0x080002f1   Thumb Code     0  scanf_fp.o(.text)
    _scanf_really_real                       0x080002f1   Thumb Code   556  scanf_fp.o(.text)
    __aeabi_fadd                             0x08000529   Thumb Code   164  fadd.o(.text)
    __aeabi_fsub                             0x080005cd   Thumb Code     6  fadd.o(.text)
    __aeabi_frsub                            0x080005d3   Thumb Code     6  fadd.o(.text)
    __aeabi_dadd                             0x080005d9   Thumb Code   322  dadd.o(.text)
    __aeabi_dsub                             0x0800071b   Thumb Code     6  dadd.o(.text)
    __aeabi_drsub                            0x08000721   Thumb Code     6  dadd.o(.text)
    __aeabi_dmul                             0x08000727   Thumb Code   228  dmul.o(.text)
    __aeabi_ddiv                             0x0800080b   Thumb Code   222  ddiv.o(.text)
    __aeabi_i2f                              0x080008e9   Thumb Code    18  fflti.o(.text)
    __aeabi_ui2f                             0x080008fb   Thumb Code    10  ffltui.o(.text)
    __aeabi_i2d                              0x08000905   Thumb Code    34  dflti.o(.text)
    __aeabi_d2iz                             0x08000927   Thumb Code    62  dfixi.o(.text)
    __aeabi_f2d                              0x08000965   Thumb Code    38  f2d.o(.text)
    __aeabi_cdcmpeq                          0x0800098d   Thumb Code     0  cdcmple.o(.text)
    __aeabi_cdcmple                          0x0800098d   Thumb Code    48  cdcmple.o(.text)
    __aeabi_cdrcmple                         0x080009bd   Thumb Code    48  cdrcmple.o(.text)
    __aeabi_d2f                              0x080009ed   Thumb Code    56  d2f.o(.text)
    __aeabi_uidiv                            0x08000a25   Thumb Code     0  uidiv.o(.text)
    __aeabi_uidivmod                         0x08000a25   Thumb Code    44  uidiv.o(.text)
    __aeabi_uldivmod                         0x08000a51   Thumb Code    98  uldiv.o(.text)
    __aeabi_llsl                             0x08000ab3   Thumb Code    30  llshl.o(.text)
    _ll_shift_l                              0x08000ab3   Thumb Code     0  llshl.o(.text)
    __aeabi_llsr                             0x08000ad1   Thumb Code    32  llushr.o(.text)
    _ll_ushift_r                             0x08000ad1   Thumb Code     0  llushr.o(.text)
    __aeabi_lasr                             0x08000af1   Thumb Code    36  llsshr.o(.text)
    _ll_sshift_r                             0x08000af1   Thumb Code     0  llsshr.o(.text)
    _sgetc                                   0x08000b15   Thumb Code    30  _sgetc.o(.text)
    _sbackspace                              0x08000b33   Thumb Code    34  _sgetc.o(.text)
    __strtod_int                             0x08000b8b   Thumb Code    90  strtod.o(.text)
    __I$use$fp                               0x08000bf1   Thumb Code     0  iusefp.o(.text)
    _float_round                             0x08000bf1   Thumb Code    18  fepilogue.o(.text)
    _float_epilogue                          0x08000c03   Thumb Code    92  fepilogue.o(.text)
    _double_round                            0x08000c5f   Thumb Code    30  depilogue.o(.text)
    _double_epilogue                         0x08000c7d   Thumb Code   156  depilogue.o(.text)
    __aeabi_ul2d                             0x08000d19   Thumb Code    24  dfltul.o(.text)
    __aeabi_d2ulz                            0x08000d31   Thumb Code    48  dfixul.o(.text)
    __scatterload                            0x08000d61   Thumb Code    28  init.o(.text)
    __scatterload_rt2                        0x08000d61   Thumb Code     0  init.o(.text)
    isspace                                  0x08000d85   Thumb Code    10  isspace_c.o(.text)
    __ctype_lookup                           0x08000d91   Thumb Code    34  ctype_c.o(.text)
    BKP_DeInit                               0x08000db9   Thumb Code    16  stm32f10x_bkp.o(i.BKP_DeInit)
    Beep_Init                                0x08000df5   Thumb Code    18  bsp_beep.o(i.Beep_Init)
    BusFault_Handler                         0x08000e0d   Thumb Code     4  stm32f10x_it.o(i.BusFault_Handler)
    DHT11_Init                               0x08000e3d   Thumb Code    16  bsp_dht11.o(i.DHT11_Init)
    DHT11_Read_TempAndHumidity               0x08000ef1   Thumb Code   160  bsp_dht11.o(i.DHT11_Read_TempAndHumidity)
    DebugMon_Handler                         0x08000f95   Thumb Code     2  stm32f10x_it.o(i.DebugMon_Handler)
    Delay_us                                 0x08000f99   Thumb Code    36  bsp_systick.o(i.Delay_us)
    Delay_xms                                0x08000fc1   Thumb Code    22  stepmotor.o(i.Delay_xms)
    EXTI4_IRQHandler                         0x08000fd9   Thumb Code    86  stm32f10x_it.o(i.EXTI4_IRQHandler)
    EXTI_ClearITPendingBit                   0x08001061   Thumb Code     6  stm32f10x_exti.o(i.EXTI_ClearITPendingBit)
    EXTI_GetITStatus                         0x0800106d   Thumb Code    34  stm32f10x_exti.o(i.EXTI_GetITStatus)
    EXTI_Init                                0x08001095   Thumb Code   142  stm32f10x_exti.o(i.EXTI_Init)
    EXTI_SMOKE_Config                        0x08001129   Thumb Code    72  smoke.o(i.EXTI_SMOKE_Config)
    GPIO_EXTILineConfig                      0x08001175   Thumb Code    60  stm32f10x_gpio.o(i.GPIO_EXTILineConfig)
    GPIO_Init                                0x080011b5   Thumb Code   278  stm32f10x_gpio.o(i.GPIO_Init)
    GPIO_ReadInputDataBit                    0x080012cb   Thumb Code    18  stm32f10x_gpio.o(i.GPIO_ReadInputDataBit)
    GPIO_ResetBits                           0x080012dd   Thumb Code     4  stm32f10x_gpio.o(i.GPIO_ResetBits)
    GPIO_SetBits                             0x080012e1   Thumb Code     4  stm32f10x_gpio.o(i.GPIO_SetBits)
    HardFault_Handler                        0x080012e5   Thumb Code     4  stm32f10x_it.o(i.HardFault_Handler)
    LED_Init                                 0x080012e9   Thumb Code    50  led.o(i.LED_Init)
    Led_Off                                  0x08001321   Thumb Code    48  led.o(i.Led_Off)
    Led_On                                   0x08001355   Thumb Code    48  led.o(i.Led_On)
    MILLIS_Init                              0x08001389   Thumb Code   196  millis.o(i.MILLIS_Init)
    MemManage_Handler                        0x0800144d   Thumb Code     4  stm32f10x_it.o(i.MemManage_Handler)
    Moto_Init                                0x08001451   Thumb Code    46  stepmotor.o(i.Moto_Init)
    Motor_angle                              0x08001485   Thumb Code   136  stepmotor.o(i.Motor_angle)
    Motorccw                                 0x08001521   Thumb Code   614  stepmotor.o(i.Motorccw)
    Motorcw                                  0x0800178d   Thumb Code   614  stepmotor.o(i.Motorcw)
    NMI_Handler                              0x080019f9   Thumb Code     2  stm32f10x_it.o(i.NMI_Handler)
    NVIC_Init                                0x080019fd   Thumb Code   100  misc.o(i.NVIC_Init)
    NVIC_PriorityGroupConfig                 0x08001a6d   Thumb Code    10  misc.o(i.NVIC_PriorityGroupConfig)
    OLED_16x16CN                             0x08001a81   Thumb Code    86  oled.o(i.OLED_16x16CN)
    OLED_16x16CN_S_F                         0x08001add   Thumb Code    86  oled.o(i.OLED_16x16CN_S_F)
    OLED_16x16CN_TIMU                        0x08001b39   Thumb Code    86  oled.o(i.OLED_16x16CN_TIMU)
    OLED_16x16CN_WENDU                       0x08001b95   Thumb Code    86  oled.o(i.OLED_16x16CN_WENDU)
    OLED_16x16CN_W_F                         0x08001bf1   Thumb Code    86  oled.o(i.OLED_16x16CN_W_F)
    OLED_16x16CN_XIAOFANG                    0x08001c4d   Thumb Code    86  oled.o(i.OLED_16x16CN_XIAOFANG)
    OLED_16x16CN_YICHANG                     0x08001ca9   Thumb Code    86  oled.o(i.OLED_16x16CN_YICHANG)
    OLED_16x16CN_ZHENCHANG                   0x08001d05   Thumb Code    86  oled.o(i.OLED_16x16CN_ZHENCHANG)
    OLED_8x16Str                             0x08001d61   Thumb Code   130  oled.o(i.OLED_8x16Str)
    OLED_CLS                                 0x08001de9   Thumb Code    10  oled.o(i.OLED_CLS)
    OLED_Fill                                0x08001df3   Thumb Code    58  oled.o(i.OLED_Fill)
    OLED_Init                                0x08001e2d   Thumb Code   236  oled.o(i.OLED_Init)
    OLED_SetPos                              0x08001f21   Thumb Code    40  oled.o(i.OLED_SetPos)
    OLED_WrCmd                               0x08001f49   Thumb Code    80  oled.o(i.OLED_WrCmd)
    OLED_WrDat                               0x08001f9d   Thumb Code    80  oled.o(i.OLED_WrDat)
    PWR_BackupAccessCmd                      0x08001ff1   Thumb Code     6  stm32f10x_pwr.o(i.PWR_BackupAccessCmd)
    PWR_ClearFlag                            0x08001ffd   Thumb Code    14  stm32f10x_pwr.o(i.PWR_ClearFlag)
    PWR_GetFlagStatus                        0x08002011   Thumb Code    20  stm32f10x_pwr.o(i.PWR_GetFlagStatus)
    PendSV_Handler                           0x08002029   Thumb Code     2  stm32f10x_it.o(i.PendSV_Handler)
    RCC_APB1PeriphClockCmd                   0x0800202d   Thumb Code    26  stm32f10x_rcc.o(i.RCC_APB1PeriphClockCmd)
    RCC_APB2PeriphClockCmd                   0x0800204d   Thumb Code    26  stm32f10x_rcc.o(i.RCC_APB2PeriphClockCmd)
    RCC_BackupResetCmd                       0x0800206d   Thumb Code     6  stm32f10x_rcc.o(i.RCC_BackupResetCmd)
    RCC_GetClocksFreq                        0x08002079   Thumb Code   192  stm32f10x_rcc.o(i.RCC_GetClocksFreq)
    RCC_GetFlagStatus                        0x0800214d   Thumb Code    56  stm32f10x_rcc.o(i.RCC_GetFlagStatus)
    RCC_LSICmd                               0x08002189   Thumb Code     6  stm32f10x_rcc.o(i.RCC_LSICmd)
    RCC_RTCCLKCmd                            0x08002195   Thumb Code     6  stm32f10x_rcc.o(i.RCC_RTCCLKCmd)
    RCC_RTCCLKConfig                         0x080021a1   Thumb Code    12  stm32f10x_rcc.o(i.RCC_RTCCLKConfig)
    RTCAlarm_IRQHandler                      0x080021b1   Thumb Code    26  millis.o(i.RTCAlarm_IRQHandler)
    RTC_ClearITPendingBit                    0x080021cd   Thumb Code    12  stm32f10x_rtc.o(i.RTC_ClearITPendingBit)
    RTC_EnterConfigMode                      0x080021dd   Thumb Code    14  stm32f10x_rtc.o(i.RTC_EnterConfigMode)
    RTC_ExitConfigMode                       0x080021f1   Thumb Code    16  stm32f10x_rtc.o(i.RTC_ExitConfigMode)
    RTC_GetITStatus                          0x08002205   Thumb Code    32  stm32f10x_rtc.o(i.RTC_GetITStatus)
    RTC_IRQHandler                           0x08002229   Thumb Code    46  millis.o(i.RTC_IRQHandler)
    RTC_ITConfig                             0x08002259   Thumb Code    26  stm32f10x_rtc.o(i.RTC_ITConfig)
    RTC_SetCounter                           0x08002279   Thumb Code    24  stm32f10x_rtc.o(i.RTC_SetCounter)
    RTC_SetPrescaler                         0x08002295   Thumb Code    26  stm32f10x_rtc.o(i.RTC_SetPrescaler)
    RTC_WaitForLastTask                      0x080022b5   Thumb Code    16  stm32f10x_rtc.o(i.RTC_WaitForLastTask)
    RTC_WaitForSynchro                       0x080022c9   Thumb Code    30  stm32f10x_rtc.o(i.RTC_WaitForSynchro)
    SVC_Handler                              0x08002313   Thumb Code     2  stm32f10x_it.o(i.SVC_Handler)
    SysTick_Handler                          0x080023fd   Thumb Code     8  stm32f10x_it.o(i.SysTick_Handler)
    SysTick_Init                             0x08002405   Thumb Code   106  bsp_systick.o(i.SysTick_Init)
    SystemInit                               0x08002481   Thumb Code    78  system_stm32f10x.o(i.SystemInit)
    TimingDelay_Decrement                    0x080024e1   Thumb Code    18  bsp_systick.o(i.TimingDelay_Decrement)
    USART3_Config                            0x080024f9   Thumb Code   176  usart3.o(i.USART3_Config)
    USART3_IRQHandler                        0x080025b1   Thumb Code    74  usart3.o(i.USART3_IRQHandler)
    USART_Cmd                                0x0800260d   Thumb Code    24  stm32f10x_usart.o(i.USART_Cmd)
    USART_GetITStatus                        0x08002625   Thumb Code    84  stm32f10x_usart.o(i.USART_GetITStatus)
    USART_ITConfig                           0x08002679   Thumb Code    74  stm32f10x_usart.o(i.USART_ITConfig)
    USART_Init                               0x080026c5   Thumb Code   210  stm32f10x_usart.o(i.USART_Init)
    USART_SendData                           0x0800279d   Thumb Code     8  stm32f10x_usart.o(i.USART_SendData)
    UsageFault_Handler                       0x080027a5   Thumb Code     4  stm32f10x_it.o(i.UsageFault_Handler)
    __0printf                                0x080027a9   Thumb Code    22  printfa.o(i.__0printf)
    __1printf                                0x080027a9   Thumb Code     0  printfa.o(i.__0printf)
    __2printf                                0x080027a9   Thumb Code     0  printfa.o(i.__0printf)
    __c89printf                              0x080027a9   Thumb Code     0  printfa.o(i.__0printf)
    printf                                   0x080027a9   Thumb Code     0  printfa.o(i.__0printf)
    free                                     0x080027c9   Thumb Code    88  mallocr.o(i.__free$realloc)
    malloc                                   0x08002825   Thumb Code    64  mallocr.o(i.__malloc$realloc)
    __scatterload_copy                       0x08002875   Thumb Code    14  handlers.o(i.__scatterload_copy)
    __scatterload_null                       0x08002883   Thumb Code     2  handlers.o(i.__scatterload_null)
    __scatterload_zeroinit                   0x08002885   Thumb Code    14  handlers.o(i.__scatterload_zeroinit)
    _is_digit                                0x08002a19   Thumb Code    14  scanf_fp.o(i._is_digit)
    alert                                    0x08003159   Thumb Code    18  yun.o(i.alert)
    all_init                                 0x08003191   Thumb Code    58  all_init.o(i.all_init)
    cJSON_Delete                             0x0800320d   Thumb Code    84  cjson.o(i.cJSON_Delete)
    cJSON_GetObjectItem                      0x08003265   Thumb Code    18  cjson.o(i.cJSON_GetObjectItem)
    cJSON_Parse                              0x08003291   Thumb Code    16  cjson.o(i.cJSON_Parse)
    cJSON_ParseWithOpts                      0x080032a1   Thumb Code   200  cjson.o(i.cJSON_ParseWithOpts)
    check_status                             0x080033b9   Thumb Code    10  yun.o(i.check_status)
    checkin                                  0x080033d5   Thumb Code    14  yun.o(i.checkin)
    checkout                                 0x0800341d   Thumb Code    14  yun.o(i.checkout)
    display_num                              0x08003469   Thumb Code   100  math_display.o(i.display_num)
    float_to_s                               0x080034cd   Thumb Code   202  floattos.o(i.float_to_s)
    fputc                                    0x080035a5   Thumb Code    32  usart3.o(i.fputc)
    main                                     0x0800366d   Thumb Code   344  main.o(i.main)
    maths                                    0x08003811   Thumb Code    66  math_display.o(i.maths)
    millis                                   0x08003859   Thumb Code    16  millis.o(i.millis)
    processMessage                           0x08003ef9   Thumb Code   532  main.o(i.processMessage)
    realloc                                  0x08004215   Thumb Code   102  mallocr.o(i.realloc)
    say                                      0x08004281   Thumb Code    18  yun.o(i.say)
    show_first                               0x080042b5   Thumb Code    76  oled.o(i.show_first)
    show_state                               0x08004301   Thumb Code    70  oled.o(i.show_state)
    show_stay                                0x08004347   Thumb Code   146  oled.o(i.show_stay)
    strtod                                   0x080043d9   Thumb Code    28  strtod.o(i.strtod)
    update4                                  0x080043f5   Thumb Code    74  yun.o(i.update4)
    update_zhen                              0x08004445   Thumb Code    22  yun.o(i.update_zhen)
    F16x16                                   0x080045b4   Data        1024  oled.o(.constdata)
    F16x16_TIMU                              0x080049b4   Data         256  oled.o(.constdata)
    F16x16_WENDU                             0x08004ab4   Data         192  oled.o(.constdata)
    F16x16_XIAOFANG                          0x08004b74   Data         176  oled.o(.constdata)
    F16x16_ZHENCHANG                         0x08004c24   Data          64  oled.o(.constdata)
    F16x16_YICHANG                           0x08004c64   Data          64  oled.o(.constdata)
    F16x16_S_F                               0x08004ca4   Data          32  oled.o(.constdata)
    F16x16_W_F                               0x08004cc4   Data          32  oled.o(.constdata)
    F6x8                                     0x08004ce4   Data         552  oled.o(.constdata)
    F8X16                                    0x08004f0c   Data        1520  oled.o(.constdata)
    BMP1                                     0x080054fc   Data        1056  oled.o(.constdata)
    __internal_lconv                         0x0800591c   Data          56  ilconv.o(.constdata)
    __ctype_categories                       0x08005954   Data          64  ctype_c.o(.constdata)
    Region$$Table$$Base                      0x080059e8   Number         0  anon$$obj.o(Region$$Table)
    Region$$Table$$Limit                     0x08005a08   Number         0  anon$$obj.o(Region$$Table)
    SystemCoreClock                          0x20000000   Data           4  system_stm32f10x.o(.data)
    AHBPrescTable                            0x20000004   Data          16  system_stm32f10x.o(.data)
    RxCounter                                0x20000028   Data           1  main.o(.data)
    ReceiveState                             0x20000029   Data           1  main.o(.data)
    lastCheckInTime                          0x2000002c   Data           4  main.o(.data)
    lastCheckStatusTime                      0x20000030   Data           4  main.o(.data)
    lastSayTime                              0x20000034   Data           4  main.o(.data)
    lastUpdateTime                           0x20000038   Data           4  main.o(.data)
    __stdout                                 0x20000060   Data           4  stdout.o(.data)
    __microlib_freelist                      0x20000064   Data           4  mvars.o(.data)
    __microlib_freelist_initialised          0x20000068   Data           4  mvars.o(.data)
    aRxBuffer                                0x2000006c   Data        1024  main.o(.bss)
    __heap_base                              0x20000470   Data           0  startup_stm32f10x_md.o(HEAP)
    __heap_limit                             0x20000670   Data           0  startup_stm32f10x_md.o(HEAP)
    __initial_sp                             0x20000a70   Data           0  startup_stm32f10x_md.o(STACK)



==============================================================================

Memory Map of the image

  Image Entry point : 0x080000ed

  Load Region LR_IROM1 (Base: 0x08000000, Size: 0x00005a74, Max: 0x00010000, ABSOLUTE)

    Execution Region ER_IROM1 (Exec base: 0x08000000, Load base: 0x08000000, Size: 0x00005a08, Max: 0x00010000, ABSOLUTE)

    Exec Addr    Load Addr    Size         Type   Attr      Idx    E Section Name        Object

    0x08000000   0x08000000   0x000000ec   Data   RO            3    RESET               startup_stm32f10x_md.o
    0x080000ec   0x080000ec   0x00000000   Code   RO         4322  * .ARM.Collect$$$$00000000  mc_w.l(entry.o)
    0x080000ec   0x080000ec   0x00000004   Code   RO         4662    .ARM.Collect$$$$00000001  mc_w.l(entry2.o)
    0x080000f0   0x080000f0   0x00000004   Code   RO         4665    .ARM.Collect$$$$00000004  mc_w.l(entry5.o)
    0x080000f4   0x080000f4   0x00000000   Code   RO         4667    .ARM.Collect$$$$00000008  mc_w.l(entry7b.o)
    0x080000f4   0x080000f4   0x00000000   Code   RO         4669    .ARM.Collect$$$$0000000A  mc_w.l(entry8b.o)
    0x080000f4   0x080000f4   0x00000008   Code   RO         4670    .ARM.Collect$$$$0000000B  mc_w.l(entry9a.o)
    0x080000fc   0x080000fc   0x00000000   Code   RO         4672    .ARM.Collect$$$$0000000D  mc_w.l(entry10a.o)
    0x080000fc   0x080000fc   0x00000000   Code   RO         4674    .ARM.Collect$$$$0000000F  mc_w.l(entry11a.o)
    0x080000fc   0x080000fc   0x00000004   Code   RO         4663    .ARM.Collect$$$$00002712  mc_w.l(entry2.o)
    0x08000100   0x08000100   0x00000024   Code   RO            4    .text               startup_stm32f10x_md.o
    0x08000124   0x08000124   0x0000000c   Code   RO         4325    .text               mc_w.l(tolower.o)
    0x08000130   0x08000130   0x00000008   Code   RO         4327    .text               mc_w.l(localeconv.o)
    0x08000138   0x08000138   0x00000024   Code   RO         4329    .text               mc_w.l(memcpya.o)
    0x0800015c   0x0800015c   0x00000024   Code   RO         4331    .text               mc_w.l(memseta.o)
    0x08000180   0x08000180   0x0000000e   Code   RO         4333    .text               mc_w.l(strlen.o)
    0x0800018e   0x0800018e   0x0000001c   Code   RO         4335    .text               mc_w.l(strcmp.o)
    0x080001aa   0x080001aa   0x0000001e   Code   RO         4339    .text               mc_w.l(strncmp.o)
    0x080001c8   0x080001c8   0x00000360   Code   RO         4634    .text               mc_w.l(scanf_fp.o)
    0x08000528   0x08000528   0x000000b0   Code   RO         4638    .text               mf_w.l(fadd.o)
    0x080005d8   0x080005d8   0x0000014e   Code   RO         4640    .text               mf_w.l(dadd.o)
    0x08000726   0x08000726   0x000000e4   Code   RO         4642    .text               mf_w.l(dmul.o)
    0x0800080a   0x0800080a   0x000000de   Code   RO         4644    .text               mf_w.l(ddiv.o)
    0x080008e8   0x080008e8   0x00000012   Code   RO         4646    .text               mf_w.l(fflti.o)
    0x080008fa   0x080008fa   0x0000000a   Code   RO         4648    .text               mf_w.l(ffltui.o)
    0x08000904   0x08000904   0x00000022   Code   RO         4650    .text               mf_w.l(dflti.o)
    0x08000926   0x08000926   0x0000003e   Code   RO         4652    .text               mf_w.l(dfixi.o)
    0x08000964   0x08000964   0x00000026   Code   RO         4654    .text               mf_w.l(f2d.o)
    0x0800098a   0x0800098a   0x00000002   PAD
    0x0800098c   0x0800098c   0x00000030   Code   RO         4656    .text               mf_w.l(cdcmple.o)
    0x080009bc   0x080009bc   0x00000030   Code   RO         4658    .text               mf_w.l(cdrcmple.o)
    0x080009ec   0x080009ec   0x00000038   Code   RO         4660    .text               mf_w.l(d2f.o)
    0x08000a24   0x08000a24   0x0000002c   Code   RO         4677    .text               mc_w.l(uidiv.o)
    0x08000a50   0x08000a50   0x00000062   Code   RO         4679    .text               mc_w.l(uldiv.o)
    0x08000ab2   0x08000ab2   0x0000001e   Code   RO         4681    .text               mc_w.l(llshl.o)
    0x08000ad0   0x08000ad0   0x00000020   Code   RO         4683    .text               mc_w.l(llushr.o)
    0x08000af0   0x08000af0   0x00000024   Code   RO         4685    .text               mc_w.l(llsshr.o)
    0x08000b14   0x08000b14   0x00000040   Code   RO         4693    .text               mc_w.l(_sgetc.o)
    0x08000b54   0x08000b54   0x0000009c   Code   RO         4695    .text               mc_w.l(strtod.o)
    0x08000bf0   0x08000bf0   0x00000000   Code   RO         4697    .text               mc_w.l(iusefp.o)
    0x08000bf0   0x08000bf0   0x0000006e   Code   RO         4698    .text               mf_w.l(fepilogue.o)
    0x08000c5e   0x08000c5e   0x000000ba   Code   RO         4700    .text               mf_w.l(depilogue.o)
    0x08000d18   0x08000d18   0x00000018   Code   RO         4702    .text               mf_w.l(dfltul.o)
    0x08000d30   0x08000d30   0x00000030   Code   RO         4704    .text               mf_w.l(dfixul.o)
    0x08000d60   0x08000d60   0x00000024   Code   RO         4706    .text               mc_w.l(init.o)
    0x08000d84   0x08000d84   0x0000000a   Code   RO         4708    .text               mc_w.l(isspace_c.o)
    0x08000d8e   0x08000d8e   0x00000002   PAD
    0x08000d90   0x08000d90   0x00000028   Code   RO         4712    .text               mc_w.l(ctype_c.o)
    0x08000db8   0x08000db8   0x00000010   Code   RO          401    i.BKP_DeInit        stm32f10x_bkp.o
    0x08000dc8   0x08000dc8   0x0000002c   Code   RO         4192    i.Beep_GPIO_Config  bsp_beep.o
    0x08000df4   0x08000df4   0x00000018   Code   RO         4193    i.Beep_Init         bsp_beep.o
    0x08000e0c   0x08000e0c   0x00000004   Code   RO         3177    i.BusFault_Handler  stm32f10x_it.o
    0x08000e10   0x08000e10   0x0000002c   Code   RO         3252    i.DHT11_GPIO_Config  bsp_dht11.o
    0x08000e3c   0x08000e3c   0x00000014   Code   RO         3253    i.DHT11_Init        bsp_dht11.o
    0x08000e50   0x08000e50   0x0000001c   Code   RO         3254    i.DHT11_Mode_IPU    bsp_dht11.o
    0x08000e6c   0x08000e6c   0x00000024   Code   RO         3255    i.DHT11_Mode_Out_PP  bsp_dht11.o
    0x08000e90   0x08000e90   0x00000060   Code   RO         3256    i.DHT11_ReadByte    bsp_dht11.o
    0x08000ef0   0x08000ef0   0x000000a4   Code   RO         3257    i.DHT11_Read_TempAndHumidity  bsp_dht11.o
    0x08000f94   0x08000f94   0x00000002   Code   RO         3178    i.DebugMon_Handler  stm32f10x_it.o
    0x08000f96   0x08000f96   0x00000002   PAD
    0x08000f98   0x08000f98   0x00000028   Code   RO         3422    i.Delay_us          bsp_systick.o
    0x08000fc0   0x08000fc0   0x00000016   Code   RO         4276    i.Delay_xms         stepmotor.o
    0x08000fd6   0x08000fd6   0x00000002   PAD
    0x08000fd8   0x08000fd8   0x00000088   Code   RO         3179    i.EXTI4_IRQHandler  stm32f10x_it.o
    0x08001060   0x08001060   0x0000000c   Code   RO          939    i.EXTI_ClearITPendingBit  stm32f10x_exti.o
    0x0800106c   0x0800106c   0x00000028   Code   RO          943    i.EXTI_GetITStatus  stm32f10x_exti.o
    0x08001094   0x08001094   0x00000094   Code   RO          944    i.EXTI_Init         stm32f10x_exti.o
    0x08001128   0x08001128   0x0000004c   Code   RO         3499    i.EXTI_SMOKE_Config  smoke.o
    0x08001174   0x08001174   0x00000040   Code   RO         1289    i.GPIO_EXTILineConfig  stm32f10x_gpio.o
    0x080011b4   0x080011b4   0x00000116   Code   RO         1292    i.GPIO_Init         stm32f10x_gpio.o
    0x080012ca   0x080012ca   0x00000012   Code   RO         1296    i.GPIO_ReadInputDataBit  stm32f10x_gpio.o
    0x080012dc   0x080012dc   0x00000004   Code   RO         1299    i.GPIO_ResetBits    stm32f10x_gpio.o
    0x080012e0   0x080012e0   0x00000004   Code   RO         1300    i.GPIO_SetBits      stm32f10x_gpio.o
    0x080012e4   0x080012e4   0x00000004   Code   RO         3180    i.HardFault_Handler  stm32f10x_it.o
    0x080012e8   0x080012e8   0x00000038   Code   RO         4089    i.LED_Init          led.o
    0x08001320   0x08001320   0x00000034   Code   RO         4090    i.Led_Off           led.o
    0x08001354   0x08001354   0x00000034   Code   RO         4091    i.Led_On            led.o
    0x08001388   0x08001388   0x000000c4   Code   RO         4119    i.MILLIS_Init       millis.o
    0x0800144c   0x0800144c   0x00000004   Code   RO         3181    i.MemManage_Handler  stm32f10x_it.o
    0x08001450   0x08001450   0x00000034   Code   RO         4277    i.Moto_Init         stepmotor.o
    0x08001484   0x08001484   0x0000009c   Code   RO         4279    i.Motor_angle       stepmotor.o
    0x08001520   0x08001520   0x0000026c   Code   RO         4280    i.Motorccw          stepmotor.o
    0x0800178c   0x0800178c   0x0000026c   Code   RO         4281    i.Motorcw           stepmotor.o
    0x080019f8   0x080019f8   0x00000002   Code   RO         3182    i.NMI_Handler       stm32f10x_it.o
    0x080019fa   0x080019fa   0x00000002   PAD
    0x080019fc   0x080019fc   0x00000070   Code   RO          137    i.NVIC_Init         misc.o
    0x08001a6c   0x08001a6c   0x00000014   Code   RO          138    i.NVIC_PriorityGroupConfig  misc.o
    0x08001a80   0x08001a80   0x0000005c   Code   RO         3290    i.OLED_16x16CN      oled.o
    0x08001adc   0x08001adc   0x0000005c   Code   RO         3291    i.OLED_16x16CN_S_F  oled.o
    0x08001b38   0x08001b38   0x0000005c   Code   RO         3292    i.OLED_16x16CN_TIMU  oled.o
    0x08001b94   0x08001b94   0x0000005c   Code   RO         3293    i.OLED_16x16CN_WENDU  oled.o
    0x08001bf0   0x08001bf0   0x0000005c   Code   RO         3294    i.OLED_16x16CN_W_F  oled.o
    0x08001c4c   0x08001c4c   0x0000005c   Code   RO         3295    i.OLED_16x16CN_XIAOFANG  oled.o
    0x08001ca8   0x08001ca8   0x0000005c   Code   RO         3296    i.OLED_16x16CN_YICHANG  oled.o
    0x08001d04   0x08001d04   0x0000005c   Code   RO         3297    i.OLED_16x16CN_ZHENCHANG  oled.o
    0x08001d60   0x08001d60   0x00000088   Code   RO         3299    i.OLED_8x16Str      oled.o
    0x08001de8   0x08001de8   0x0000000a   Code   RO         3301    i.OLED_CLS          oled.o
    0x08001df2   0x08001df2   0x0000003a   Code   RO         3302    i.OLED_Fill         oled.o
    0x08001e2c   0x08001e2c   0x000000f4   Code   RO         3303    i.OLED_Init         oled.o
    0x08001f20   0x08001f20   0x00000028   Code   RO         3304    i.OLED_SetPos       oled.o
    0x08001f48   0x08001f48   0x00000054   Code   RO         3305    i.OLED_WrCmd        oled.o
    0x08001f9c   0x08001f9c   0x00000054   Code   RO         3306    i.OLED_WrDat        oled.o
    0x08001ff0   0x08001ff0   0x0000000c   Code   RO         1646    i.PWR_BackupAccessCmd  stm32f10x_pwr.o
    0x08001ffc   0x08001ffc   0x00000014   Code   RO         1647    i.PWR_ClearFlag     stm32f10x_pwr.o
    0x08002010   0x08002010   0x00000018   Code   RO         1651    i.PWR_GetFlagStatus  stm32f10x_pwr.o
    0x08002028   0x08002028   0x00000002   Code   RO         3183    i.PendSV_Handler    stm32f10x_it.o
    0x0800202a   0x0800202a   0x00000002   PAD
    0x0800202c   0x0800202c   0x00000020   Code   RO         1708    i.RCC_APB1PeriphClockCmd  stm32f10x_rcc.o
    0x0800204c   0x0800204c   0x00000020   Code   RO         1710    i.RCC_APB2PeriphClockCmd  stm32f10x_rcc.o
    0x0800206c   0x0800206c   0x0000000c   Code   RO         1713    i.RCC_BackupResetCmd  stm32f10x_rcc.o
    0x08002078   0x08002078   0x000000d4   Code   RO         1718    i.RCC_GetClocksFreq  stm32f10x_rcc.o
    0x0800214c   0x0800214c   0x0000003c   Code   RO         1719    i.RCC_GetFlagStatus  stm32f10x_rcc.o
    0x08002188   0x08002188   0x0000000c   Code   RO         1727    i.RCC_LSICmd        stm32f10x_rcc.o
    0x08002194   0x08002194   0x0000000c   Code   RO         1733    i.RCC_RTCCLKCmd     stm32f10x_rcc.o
    0x080021a0   0x080021a0   0x00000010   Code   RO         1734    i.RCC_RTCCLKConfig  stm32f10x_rcc.o
    0x080021b0   0x080021b0   0x0000001a   Code   RO         4120    i.RTCAlarm_IRQHandler  millis.o
    0x080021ca   0x080021ca   0x00000002   PAD
    0x080021cc   0x080021cc   0x00000010   Code   RO         1907    i.RTC_ClearITPendingBit  stm32f10x_rtc.o
    0x080021dc   0x080021dc   0x00000014   Code   RO         1908    i.RTC_EnterConfigMode  stm32f10x_rtc.o
    0x080021f0   0x080021f0   0x00000014   Code   RO         1909    i.RTC_ExitConfigMode  stm32f10x_rtc.o
    0x08002204   0x08002204   0x00000024   Code   RO         1913    i.RTC_GetITStatus   stm32f10x_rtc.o
    0x08002228   0x08002228   0x0000002e   Code   RO         4121    i.RTC_IRQHandler    millis.o
    0x08002256   0x08002256   0x00000002   PAD
    0x08002258   0x08002258   0x00000020   Code   RO         1914    i.RTC_ITConfig      stm32f10x_rtc.o
    0x08002278   0x08002278   0x0000001c   Code   RO         1916    i.RTC_SetCounter    stm32f10x_rtc.o
    0x08002294   0x08002294   0x00000020   Code   RO         1917    i.RTC_SetPrescaler  stm32f10x_rtc.o
    0x080022b4   0x080022b4   0x00000014   Code   RO         1918    i.RTC_WaitForLastTask  stm32f10x_rtc.o
    0x080022c8   0x080022c8   0x00000024   Code   RO         1919    i.RTC_WaitForSynchro  stm32f10x_rtc.o
    0x080022ec   0x080022ec   0x00000026   Code   RO         3500    i.SMOKE_NVIC_Configuration  smoke.o
    0x08002312   0x08002312   0x00000002   Code   RO         3184    i.SVC_Handler       stm32f10x_it.o
    0x08002314   0x08002314   0x00000008   Code   RO           24    i.SetSysClock       system_stm32f10x.o
    0x0800231c   0x0800231c   0x000000e0   Code   RO           25    i.SetSysClockTo72   system_stm32f10x.o
    0x080023fc   0x080023fc   0x00000008   Code   RO         3185    i.SysTick_Handler   stm32f10x_it.o
    0x08002404   0x08002404   0x0000007c   Code   RO         3424    i.SysTick_Init      bsp_systick.o
    0x08002480   0x08002480   0x00000060   Code   RO           27    i.SystemInit        system_stm32f10x.o
    0x080024e0   0x080024e0   0x00000018   Code   RO         3425    i.TimingDelay_Decrement  bsp_systick.o
    0x080024f8   0x080024f8   0x000000b8   Code   RO         4152    i.USART3_Config     usart3.o
    0x080025b0   0x080025b0   0x0000005c   Code   RO         4153    i.USART3_IRQHandler  usart3.o
    0x0800260c   0x0800260c   0x00000018   Code   RO         2878    i.USART_Cmd         stm32f10x_usart.o
    0x08002624   0x08002624   0x00000054   Code   RO         2882    i.USART_GetITStatus  stm32f10x_usart.o
    0x08002678   0x08002678   0x0000004a   Code   RO         2884    i.USART_ITConfig    stm32f10x_usart.o
    0x080026c2   0x080026c2   0x00000002   PAD
    0x080026c4   0x080026c4   0x000000d8   Code   RO         2885    i.USART_Init        stm32f10x_usart.o
    0x0800279c   0x0800279c   0x00000008   Code   RO         2895    i.USART_SendData    stm32f10x_usart.o
    0x080027a4   0x080027a4   0x00000004   Code   RO         3186    i.UsageFault_Handler  stm32f10x_it.o
    0x080027a8   0x080027a8   0x00000020   Code   RO         4576    i.__0printf         mc_w.l(printfa.o)
    0x080027c8   0x080027c8   0x0000005c   Code   RO         4608    i.__free$realloc    mc_w.l(mallocr.o)
    0x08002824   0x08002824   0x00000050   Code   RO         4609    i.__malloc$realloc  mc_w.l(mallocr.o)
    0x08002874   0x08002874   0x0000000e   Code   RO         4717    i.__scatterload_copy  mc_w.l(handlers.o)
    0x08002882   0x08002882   0x00000002   Code   RO         4718    i.__scatterload_null  mc_w.l(handlers.o)
    0x08002884   0x08002884   0x0000000e   Code   RO         4719    i.__scatterload_zeroinit  mc_w.l(handlers.o)
    0x08002892   0x08002892   0x00000002   PAD
    0x08002894   0x08002894   0x00000184   Code   RO         4583    i._fp_digits        mc_w.l(printfa.o)
    0x08002a18   0x08002a18   0x0000000e   Code   RO         4636    i._is_digit         mc_w.l(scanf_fp.o)
    0x08002a26   0x08002a26   0x00000002   PAD
    0x08002a28   0x08002a28   0x000006dc   Code   RO         4584    i._printf_core      mc_w.l(printfa.o)
    0x08003104   0x08003104   0x00000024   Code   RO         4585    i._printf_post_padding  mc_w.l(printfa.o)
    0x08003128   0x08003128   0x0000002e   Code   RO         4586    i._printf_pre_padding  mc_w.l(printfa.o)
    0x08003156   0x08003156   0x00000002   PAD
    0x08003158   0x08003158   0x00000038   Code   RO         4209    i.alert             yun.o
    0x08003190   0x08003190   0x00000040   Code   RO         3538    i.all_init          all_init.o
    0x080031d0   0x080031d0   0x0000003a   Code   RO         3551    i.buffer_skip_whitespace  cjson.o
    0x0800320a   0x0800320a   0x00000002   PAD
    0x0800320c   0x0800320c   0x00000058   Code   RO         3571    i.cJSON_Delete      cjson.o
    0x08003264   0x08003264   0x00000012   Code   RO         3583    i.cJSON_GetObjectItem  cjson.o
    0x08003276   0x08003276   0x0000001a   Code   RO         3599    i.cJSON_New_Item    cjson.o
    0x08003290   0x08003290   0x00000010   Code   RO         3600    i.cJSON_Parse       cjson.o
    0x080032a0   0x080032a0   0x000000d0   Code   RO         3601    i.cJSON_ParseWithOpts  cjson.o
    0x08003370   0x08003370   0x00000048   Code   RO         3615    i.case_insensitive_strcmp  cjson.o
    0x080033b8   0x080033b8   0x0000001c   Code   RO         4210    i.check_status      yun.o
    0x080033d4   0x080033d4   0x00000048   Code   RO         4211    i.checkin           yun.o
    0x0800341c   0x0800341c   0x0000004c   Code   RO         4212    i.checkout          yun.o
    0x08003468   0x08003468   0x00000064   Code   RO         3476    i.display_num       math_display.o
    0x080034cc   0x080034cc   0x000000d8   Code   RO         3458    i.float_to_s        floattos.o
    0x080035a4   0x080035a4   0x00000024   Code   RO         4154    i.fputc             usart3.o
    0x080035c8   0x080035c8   0x0000000e   Code   RO         3619    i.get_decimal_point  cjson.o
    0x080035d6   0x080035d6   0x00000044   Code   RO         3620    i.get_object_item   cjson.o
    0x0800361a   0x0800361a   0x00000002   PAD
    0x0800361c   0x0800361c   0x00000050   Code   RO         4610    i.internal_alloc    mc_w.l(mallocr.o)
    0x0800366c   0x0800366c   0x000001a4   Code   RO         3108    i.main              main.o
    0x08003810   0x08003810   0x00000048   Code   RO         3477    i.maths             math_display.o
    0x08003858   0x08003858   0x00000014   Code   RO         4122    i.millis            millis.o
    0x0800386c   0x0800386c   0x000000f4   Code   RO         3621    i.parse_array       cjson.o
    0x08003960   0x08003960   0x0000005a   Code   RO         3622    i.parse_hex4        cjson.o
    0x080039ba   0x080039ba   0x00000002   PAD
    0x080039bc   0x080039bc   0x00000138   Code   RO         3623    i.parse_number      cjson.o
    0x08003af4   0x08003af4   0x0000013a   Code   RO         3624    i.parse_object      cjson.o
    0x08003c2e   0x08003c2e   0x0000018c   Code   RO         3625    i.parse_string      cjson.o
    0x08003dba   0x08003dba   0x00000002   PAD
    0x08003dbc   0x08003dbc   0x0000013c   Code   RO         3626    i.parse_value       cjson.o
    0x08003ef8   0x08003ef8   0x0000031c   Code   RO         3109    i.processMessage    main.o
    0x08004214   0x08004214   0x0000006c   Code   RO         4611    i.realloc           mc_w.l(mallocr.o)
    0x08004280   0x08004280   0x00000034   Code   RO         4213    i.say               yun.o
    0x080042b4   0x080042b4   0x0000004c   Code   RO         3307    i.show_first        oled.o
    0x08004300   0x08004300   0x00000046   Code   RO         3308    i.show_state        oled.o
    0x08004346   0x08004346   0x00000092   Code   RO         3309    i.show_stay         oled.o
    0x080043d8   0x080043d8   0x0000001c   Code   RO         4319    i.strtod            m_ws.l(strtod.o)
    0x080043f4   0x080043f4   0x00000050   Code   RO         4217    i.update4           yun.o
    0x08004444   0x08004444   0x00000044   Code   RO         4218    i.update_zhen       yun.o
    0x08004488   0x08004488   0x0000012c   Code   RO         3637    i.utf16_literal_to_utf8  cjson.o
    0x080045b4   0x080045b4   0x00001368   Data   RO         3310    .constdata          oled.o
    0x0800591c   0x0800591c   0x00000038   Data   RO         4687    .constdata          mc_w.l(ilconv.o)
    0x08005954   0x08005954   0x00000040   Data   RO         4713    .constdata          mc_w.l(ctype_c.o)
    0x08005994   0x08005994   0x0000004c   Data   RO         4219    .conststring        yun.o
    0x080059e0   0x080059e0   0x00000005   Data   RO         4688    .conststring        mc_w.l(ilconv.o)
    0x080059e5   0x080059e5   0x00000003   PAD
    0x080059e8   0x080059e8   0x00000020   Data   RO         4715    Region$$Table       anon$$obj.o


    Execution Region RW_IRAM1 (Exec base: 0x20000000, Load base: 0x08005a08, Size: 0x00000a70, Max: 0x00005000, ABSOLUTE)

    Exec Addr    Load Addr    Size         Type   Attr      Idx    E Section Name        Object

    0x20000000   0x08005a08   0x00000014   Data   RW           28    .data               system_stm32f10x.o
    0x20000014   0x08005a1c   0x00000014   Data   RW         1738    .data               stm32f10x_rcc.o
    0x20000028   0x08005a30   0x00000014   Data   RW         3112    .data               main.o
    0x2000003c   0x08005a44   0x00000004   Data   RW         3426    .data               bsp_systick.o
    0x20000040   0x08005a48   0x0000000a   Data   RW         3459    .data               floattos.o
    0x2000004a   0x08005a52   0x00000002   PAD
    0x2000004c   0x08005a54   0x00000014   Data   RW         3639    .data               cjson.o
    0x20000060   0x08005a68   0x00000004   Data   RW         4676    .data               mc_w.l(stdout.o)
    0x20000064   0x08005a6c   0x00000004   Data   RW         4689    .data               mc_w.l(mvars.o)
    0x20000068   0x08005a70   0x00000004   Data   RW         4690    .data               mc_w.l(mvars.o)
    0x2000006c        -       0x00000400   Zero   RW         3110    .bss                main.o
    0x2000046c   0x08005a74   0x00000004   PAD
    0x20000470        -       0x00000200   Zero   RW            2    HEAP                startup_stm32f10x_md.o
    0x20000670        -       0x00000400   Zero   RW            1    STACK               startup_stm32f10x_md.o


==============================================================================

Image component sizes


      Code (inc. data)   RO Data    RW Data    ZI Data      Debug   Object Name

        64          6          0          0          0        467   all_init.o
        68         10          0          0          0        864   bsp_beep.o
       388         30          0          0          0       3338   bsp_dht11.o
       188         28          0          4          0      17189   bsp_systick.o
      2540         62          0         20          0      18041   cjson.o
         0          0          0          0          0       4500   core_cm3.o
       216         14          0         10          0       1241   floattos.o
       160         14          0          0          0       1454   led.o
      1216        340          0         20       1024       7600   main.o
       172          6          0          0          0       1326   math_display.o
       288          4          0          0          0       1990   millis.o
       132         22          0          0          0       1495   misc.o
      1684         70       4968          0          0      12062   oled.o
       114          4          0          0          0        976   smoke.o
        36          8        236          0       1536        844   startup_stm32f10x_md.o
      1470         38          0          0          0       3371   stepmotor.o
        16          0          0          0          0        469   stm32f10x_bkp.o
       200         18          0          0          0       2056   stm32f10x_exti.o
       368          4          0          0          0       4186   stm32f10x_gpio.o
       168         50          0          0          0       4257   stm32f10x_it.o
        56         16          0          0          0       1542   stm32f10x_pwr.o
       388         58          0         20          0       6983   stm32f10x_rcc.o
       240         44          0          0          0       4527   stm32f10x_rtc.o
       406          6          0          0          0       4895   stm32f10x_usart.o
       328         28          0         20          0     230937   system_stm32f10x.o
       312         30          0          0          0       1724   usart3.o
       432        262         76          0          0       3722   yun.o

    ----------------------------------------------------------------------
     11672       1172       5312         96       2564     342056   Object Totals
         0          0         32          0          0          0   (incl. Generated)
        22          0          0          2          4          0   (incl. Padding)

    ----------------------------------------------------------------------

      Code (inc. data)   RO Data    RW Data    ZI Data      Debug   Library Member Name

        28          0          0          0          0         80   strtod.o
        64          0          0          0          0         84   _sgetc.o
        40          6         64          0          0         68   ctype_c.o
         0          0          0          0          0          0   entry.o
         0          0          0          0          0          0   entry10a.o
         0          0          0          0          0          0   entry11a.o
         8          4          0          0          0          0   entry2.o
         4          0          0          0          0          0   entry5.o
         0          0          0          0          0          0   entry7b.o
         0          0          0          0          0          0   entry8b.o
         8          4          0          0          0          0   entry9a.o
        30          0          0          0          0          0   handlers.o
         0          0         61          0          0          0   ilconv.o
        36          8          0          0          0         68   init.o
        10          0          0          0          0         68   isspace_c.o
         0          0          0          0          0          0   iusefp.o
        30          0          0          0          0         68   llshl.o
        36          0          0          0          0         68   llsshr.o
        32          0          0          0          0         68   llushr.o
         8          4          0          0          0         68   localeconv.o
       360         30          0          0          0        356   mallocr.o
        36          0          0          0          0         68   memcpya.o
        36          0          0          0          0        108   memseta.o
         0          0          0          8          0          0   mvars.o
      2258         90          0          0          0        452   printfa.o
       878         12          0          0          0        216   scanf_fp.o
         0          0          0          4          0          0   stdout.o
        28          0          0          0          0         76   strcmp.o
        14          0          0          0          0         68   strlen.o
        30          0          0          0          0         80   strncmp.o
       156         12          0          0          0        120   strtod.o
        12          0          0          0          0         68   tolower.o
        44          0          0          0          0         80   uidiv.o
        98          0          0          0          0         92   uldiv.o
        48          0          0          0          0         68   cdcmple.o
        48          0          0          0          0         68   cdrcmple.o
        56          0          0          0          0         88   d2f.o
       334          0          0          0          0        148   dadd.o
       222          0          0          0          0        100   ddiv.o
       186          0          0          0          0        176   depilogue.o
        62          0          0          0          0         80   dfixi.o
        48          0          0          0          0         68   dfixul.o
        34          0          0          0          0         76   dflti.o
        24          0          0          0          0         76   dfltul.o
       228          0          0          0          0         96   dmul.o
        38          0          0          0          0         68   f2d.o
       176          0          0          0          0        140   fadd.o
       110          0          0          0          0        168   fepilogue.o
        18          0          0          0          0         68   fflti.o
        10          0          0          0          0         68   ffltui.o

    ----------------------------------------------------------------------
      5936        170        128         12          0       3980   Library Totals
        10          0          3          0          0          0   (incl. Padding)

    ----------------------------------------------------------------------

      Code (inc. data)   RO Data    RW Data    ZI Data      Debug   Library Name

        28          0          0          0          0         80   m_ws.l
      4256        170        125         12          0       2344   mc_w.l
      1642          0          0          0          0       1556   mf_w.l

    ----------------------------------------------------------------------
      5936        170        128         12          0       3980   Library Totals

    ----------------------------------------------------------------------

==============================================================================


      Code (inc. data)   RO Data    RW Data    ZI Data      Debug   

     17608       1342       5440        108       2564     337868   Grand Totals
     17608       1342       5440        108       2564     337868   ELF Image Totals
     17608       1342       5440        108          0          0   ROM Totals

==============================================================================

    Total RO  Size (Code + RO Data)                23048 (  22.51kB)
    Total RW  Size (RW Data + ZI Data)              2672 (   2.61kB)
    Total ROM Size (Code + RO Data + RW Data)      23156 (  22.61kB)

==============================================================================

